[    0.000000] Initializing cgroup subsys cpuset
[    0.000000] Initializing cgroup subsys cpu
[    0.000000] Initializing cgroup subsys cpuacct
[    0.000000] Linux version 4.4.0-78-generic (buildd@lgw01-11) (gcc version 5.4.0 20160609 (Ubuntu 5.4.0-6ubuntu1~16.04.4) ) #99-Ubuntu SMP Thu Apr 27 15:29:09 UTC 2017 (Ubuntu 4.4.0-78.99-generic 4.4.62)
[    0.000000] Command line: BOOT_IMAGE=/boot/vmlinuz-4.4.0-78-generic root=LABEL=cloudimg-rootfs ro console=tty1 console=ttyS0
[    0.000000] KERNEL supported cpus:
[    0.000000]   Intel GenuineIntel
[    0.000000]   AMD AuthenticAMD
[    0.000000]   Centaur CentaurHauls
[    0.000000] x86/fpu: xstate_offset[2]:  576, xstate_sizes[2]:  256
[    0.000000] x86/fpu: Supporting XSAVE feature 0x01: 'x87 floating point registers'
[    0.000000] x86/fpu: Supporting XSAVE feature 0x02: 'SSE registers'
[    0.000000] x86/fpu: Supporting XSAVE feature 0x04: 'AVX registers'
[    0.000000] x86/fpu: Enabled xstate features 0x7, context size is 832 bytes, using 'standard' format.
[    0.000000] x86/fpu: Using 'lazy' FPU context switches.
[    0.000000] e820: BIOS-provided physical RAM map:
[    0.000000] BIOS-e820: [mem 0x0000000000000000-0x000000000009fbff] usable
[    0.000000] BIOS-e820: [mem 0x000000000009fc00-0x000000000009ffff] reserved
[    0.000000] BIOS-e820: [mem 0x00000000000f0000-0x00000000000fffff] reserved
[    0.000000] BIOS-e820: [mem 0x0000000000100000-0x000000003ffeffff] usable
[    0.000000] BIOS-e820: [mem 0x000000003fff0000-0x000000003fffffff] ACPI data
[    0.000000] BIOS-e820: [mem 0x00000000fec00000-0x00000000fec00fff] reserved
[    0.000000] BIOS-e820: [mem 0x00000000fee00000-0x00000000fee00fff] reserved
[    0.000000] BIOS-e820: [mem 0x00000000fffc0000-0x00000000ffffffff] reserved
[    0.000000] NX (Execute Disable) protection: active
[    0.000000] SMBIOS 2.5 present.
[    0.000000] Hypervisor detected: KVM
[    0.000000] e820: last_pfn = 0x3fff0 max_arch_pfn = 0x400000000
[    0.000000] MTRR: Disabled
[    0.000000] x86/PAT: MTRRs disabled, skipping PAT initialization too.
[    0.000000] x86/PAT: Configuration [0-7]: WB  WT  UC- UC  WB  WT  UC- UC  
[    0.000000] CPU MTRRs all blank - virtualized system.
[    0.000000] found SMP MP-table at [mem 0x0009fff0-0x0009ffff] mapped at [ffff88000009fff0]
[    0.000000] Scanning 1 areas for low memory corruption
[    0.000000] RAMDISK: [mem 0x36ae6000-0x3756afff]
[    0.000000] ACPI: Early table checksum verification disabled
[    0.000000] ACPI: RSDP 0x00000000000E0000 000024 (v02 VBOX  )
[    0.000000] ACPI: XSDT 0x000000003FFF0030 00003C (v01 VBOX   VBOXXSDT 00000001 ASL  00000061)
[    0.000000] ACPI: FACP 0x000000003FFF00F0 0000F4 (v04 VBOX   VBOXFACP 00000001 ASL  00000061)
[    0.000000] ACPI: DSDT 0x000000003FFF0470 0021C8 (v02 VBOX   VBOXBIOS 00000002 INTL 20100528)
[    0.000000] ACPI: FACS 0x000000003FFF0200 000040
[    0.000000] ACPI: FACS 0x000000003FFF0200 000040
[    0.000000] ACPI: APIC 0x000000003FFF0240 00005C (v02 VBOX   VBOXAPIC 00000001 ASL  00000061)
[    0.000000] ACPI: SSDT 0x000000003FFF02A0 0001CC (v01 VBOX   VBOXCPUT 00000002 INTL 20100528)
[    0.000000] No NUMA configuration found
[    0.000000] Faking a node at [mem 0x0000000000000000-0x000000003ffeffff]
[    0.000000] NODE_DATA(0) allocated [mem 0x3ffeb000-0x3ffeffff]
[    0.000000] kvm-clock: Using msrs 4b564d01 and 4b564d00
[    0.000000] kvm-clock: cpu 0, msr 0:3ffe3001, primary cpu clock
[    0.000000] kvm-clock: using sched offset of 3096526966 cycles
[    0.000000] clocksource: kvm-clock: mask: 0xffffffffffffffff max_cycles: 0x1cd42e4dffb, max_idle_ns: 881590591483 ns
[    0.000000] Zone ranges:
[    0.000000]   DMA      [mem 0x0000000000001000-0x0000000000ffffff]
[    0.000000]   DMA32    [mem 0x0000000001000000-0x000000003ffeffff]
[    0.000000]   Normal   empty
[    0.000000]   Device   empty
[    0.000000] Movable zone start for each node
[    0.000000] Early memory node ranges
[    0.000000]   node   0: [mem 0x0000000000001000-0x000000000009efff]
[    0.000000]   node   0: [mem 0x0000000000100000-0x000000003ffeffff]
[    0.000000] Initmem setup node 0 [mem 0x0000000000001000-0x000000003ffeffff]
[    0.000000] ACPI: PM-Timer IO Port: 0x4008
[    0.000000] IOAPIC[0]: apic_id 2, version 32, address 0xfec00000, GSI 0-23
[    0.000000] ACPI: INT_SRC_OVR (bus 0 bus_irq 0 global_irq 2 dfl dfl)
[    0.000000] ACPI: INT_SRC_OVR (bus 0 bus_irq 9 global_irq 9 high level)
[    0.000000] Using ACPI (MADT) for SMP configuration information
[    0.000000] smpboot: Allowing 2 CPUs, 0 hotplug CPUs
[    0.000000] PM: Registered nosave memory: [mem 0x00000000-0x00000fff]
[    0.000000] PM: Registered nosave memory: [mem 0x0009f000-0x0009ffff]
[    0.000000] PM: Registered nosave memory: [mem 0x000a0000-0x000effff]
[    0.000000] PM: Registered nosave memory: [mem 0x000f0000-0x000fffff]
[    0.000000] e820: [mem 0x40000000-0xfebfffff] available for PCI devices
[    0.000000] Booting paravirtualized kernel on KVM
[    0.000000] clocksource: refined-jiffies: mask: 0xffffffff max_cycles: 0xffffffff, max_idle_ns: 7645519600211568 ns
[    0.000000] setup_percpu: NR_CPUS:512 nr_cpumask_bits:512 nr_cpu_ids:2 nr_node_ids:1
[    0.000000] PERCPU: Embedded 33 pages/cpu @ffff88003fc00000 s98264 r8192 d28712 u1048576
[    0.000000] PV qspinlock hash table entries: 256 (order: 0, 4096 bytes)
[    0.000000] Built 1 zonelists in Node order, mobility grouping on.  Total pages: 257913
[    0.000000] Policy zone: DMA32
[    0.000000] Kernel command line: BOOT_IMAGE=/boot/vmlinuz-4.4.0-78-generic root=LABEL=cloudimg-rootfs ro console=tty1 console=ttyS0
[    0.000000] PID hash table entries: 4096 (order: 3, 32768 bytes)
[    0.000000] Memory: 1001808K/1048120K available (8469K kernel code, 1294K rwdata, 3984K rodata, 1484K init, 1316K bss, 46312K reserved, 0K cma-reserved)
[    0.000000] SLUB: HWalign=64, Order=0-3, MinObjects=0, CPUs=2, Nodes=1
[    0.000000] Hierarchical RCU implementation.
[    0.000000] 	Build-time adjustment of leaf fanout to 64.
[    0.000000] 	RCU restricting CPUs from NR_CPUS=512 to nr_cpu_ids=2.
[    0.000000] RCU: Adjusting geometry for rcu_fanout_leaf=64, nr_cpu_ids=2
[    0.000000] NR_IRQS:33024 nr_irqs:440 16
[    0.000000] Console: colour VGA+ 80x25
[    0.000000] console [tty1] enabled
[    0.000000] console [ttyS0] enabled
[    0.000000] tsc: Detected 2194.918 MHz processor
[   10.701019] Calibrating delay loop (skipped) preset value.. 4389.83 BogoMIPS (lpj=8779672)
[   10.860556] pid_max: default: 32768 minimum: 301
[   10.956125] ACPI: Core revision 20150930
[   11.057483] ACPI: 2 ACPI AML tables successfully acquired and loaded
[   11.200258] Security Framework initialized
[   11.252374] Yama: becoming mindful.
[   11.307508] AppArmor: AppArmor initialized
[   11.341068] Dentry cache hash table entries: 131072 (order: 8, 1048576 bytes)
[   11.443212] Inode-cache hash table entries: 65536 (order: 7, 524288 bytes)
[   11.588925] Mount-cache hash table entries: 2048 (order: 2, 16384 bytes)
[   11.754459] Mountpoint-cache hash table entries: 2048 (order: 2, 16384 bytes)
[   11.924568] Initializing cgroup subsys io
[   12.026265] Initializing cgroup subsys memory
[   12.119845] Initializing cgroup subsys devices
[   12.213393] Initializing cgroup subsys freezer
[   12.308350] Initializing cgroup subsys net_cls
[   12.403534] Initializing cgroup subsys perf_event
[   12.450048] Initializing cgroup subsys net_prio
[   12.495286] Initializing cgroup subsys hugetlb
[   12.528681] Initializing cgroup subsys pids
[   12.562312] CPU: Physical Processor ID: 0
[   12.609191] CPU: Processor Core ID: 0
[   12.637754] mce: CPU supports 0 MCE banks
[   12.640835] Last level iTLB entries: 4KB 1024, 2MB 1024, 4MB 1024
[   12.712223] Last level dTLB entries: 4KB 1024, 2MB 1024, 4MB 1024, 1GB 4
[   12.879068] Freeing SMP alternatives memory: 32K (ffffffff820b8000 - ffffffff820c0000)
[   13.059228] ftrace: allocating 32120 entries in 126 pages
[   13.215187] smpboot: APIC(0) Converting physical 0 to logical package 0
[   13.353711] smpboot: Max logical packages: 1
[   13.446169] x2apic enabled
[   13.510938] Switched APIC routing to physical x2apic.
[   13.565716] ..TIMER: vector=0x30 apic1=0 pin1=2 apic2=-1 pin2=-1
[   13.756329] smpboot: CPU0: Intel(R) Core(TM) i7-4770HQ CPU @ 2.20GHz (family: 0x6, model: 0x46, stepping: 0x1)
[   14.014561] Performance Events: unsupported p6 CPU model 70 no PMU driver, software events only.
[   14.238498] KVM setup paravirtual spinlock
[   14.340332] x86: Booting SMP configuration:
[   14.438114] .... node  #0, CPUs:      #1
[   14.537577] kvm-clock: cpu 1, msr 0:3ffe3041, secondary cpu clock
[   14.630839] mce: CPU supports 0 MCE banks
[   14.656394] x86: Booted up 1 node, 2 CPUs
[   14.669455] smpboot: Total of 2 processors activated (8779.67 BogoMIPS)
[   14.762577] devtmpfs: initialized
[   14.819575] evm: security.selinux
[   14.912511] evm: security.SMACK64
[   14.971618] evm: security.SMACK64EXEC
[   15.061123] evm: security.SMACK64TRANSMUTE
[   15.160199] evm: security.SMACK64MMAP
[   15.213795] evm: security.ima
[   15.268605] evm: security.capability
[   15.331823] clocksource: jiffies: mask: 0xffffffff max_cycles: 0xffffffff, max_idle_ns: 7645041785100000 ns
[   15.354797] futex hash table entries: 512 (order: 3, 32768 bytes)
[   15.355909] pinctrl core: initialized pinctrl subsystem
[   15.432620] RTC time: 17:14:26, date: 05/26/17
[   15.516742] NET: Registered protocol family 16
[   15.638536] cpuidle: using governor ladder
[   15.721415] cpuidle: using governor menu
[   15.750629] PCCT header not found.
[   15.773106] ACPI: bus type PCI registered
[   15.824842] acpiphp: ACPI Hot Plug PCI Controller Driver version: 0.5
[   15.952949] PCI: Using configuration type 1 for base access
[   16.079338] ACPI: Added _OSI(Module Device)
[   16.166957] ACPI: Added _OSI(Processor Device)
[   16.235514] ACPI: Added _OSI(3.0 _SCP Extensions)
[   16.347305] ACPI: Added _OSI(Processor Aggregator Device)
[   16.480031] ACPI: Executed 1 blocks of module-level executable AML code
[   16.619696] ACPI: Interpreter enabled
[   16.689316] ACPI: (supports S0 S5)
[   16.743991] ACPI: Using IOAPIC for interrupt routing
[   16.821956] PCI: Using host bridge windows from ACPI; if necessary, use "pci=nocrs" and report a bug
[   16.929847] ACPI: PCI Root Bridge [PCI0] (domain 0000 [bus 00-ff])
[   17.005932] acpi PNP0A03:00: _OSC: OS supports [ASPM ClockPM Segments MSI]
[   17.103499] acpi PNP0A03:00: _OSC failed (AE_NOT_FOUND); disabling ASPM
[   17.183841] acpi PNP0A03:00: fail to add MMCONFIG information, can't access extended PCI configuration space under this bridge.
[   17.423154] PCI host bridge to bus 0000:00
[   17.497159] pci_bus 0000:00: root bus resource [io  0x0000-0x0cf7 window]
[   17.607408] pci_bus 0000:00: root bus resource [io  0x0d00-0xffff window]
[   17.790581] pci_bus 0000:00: root bus resource [mem 0x000a0000-0x000bffff window]
[   17.936514] pci_bus 0000:00: root bus resource [mem 0x40000000-0xffdfffff window]
[   18.031144] pci_bus 0000:00: root bus resource [bus 00-ff]
[   18.163569] pci 0000:00:01.1: legacy IDE quirk: reg 0x10: [io  0x01f0-0x01f7]
[   18.338298] pci 0000:00:01.1: legacy IDE quirk: reg 0x14: [io  0x03f6]
[   18.502880] pci 0000:00:01.1: legacy IDE quirk: reg 0x18: [io  0x0170-0x0177]
[   18.669574] pci 0000:00:01.1: legacy IDE quirk: reg 0x1c: [io  0x0376]
[   18.843680] pci 0000:00:07.0: quirk: [io  0x4000-0x403f] claimed by PIIX4 ACPI
[   18.934952] pci 0000:00:07.0: quirk: [io  0x4100-0x410f] claimed by PIIX4 SMB
[   19.023988] ACPI: PCI Interrupt Link [LNKA] (IRQs 5 9 10 *11)
[   19.077828] ACPI: PCI Interrupt Link [LNKB] (IRQs 5 9 10 *11)
[   19.121174] ACPI: PCI Interrupt Link [LNKC] (IRQs 5 9 *10 11)
[   19.218236] ACPI: PCI Interrupt Link [LNKD] (IRQs 5 *9 10 11)
[   19.340395] ACPI: Enabled 2 GPEs in block 00 to 07
[   19.419031] vgaarb: setting as boot device: PCI:0000:00:02.0
[   19.501352] vgaarb: device added: PCI:0000:00:02.0,decodes=io+mem,owns=io+mem,locks=none
[   19.642106] vgaarb: loaded
[   19.698939] vgaarb: bridge control possible 0000:00:02.0
[   19.787766] SCSI subsystem initialized
[   19.865169] ACPI: bus type USB registered
[   19.948985] usbcore: registered new interface driver usbfs
[   20.079523] usbcore: registered new interface driver hub
[   20.152881] usbcore: registered new device driver usb
[   20.194763] PCI: Using ACPI for IRQ routing
[   20.294235] NetLabel: Initializing
[   20.368283] NetLabel:  domain hash size = 128
[   20.447407] NetLabel:  protocols = UNLABELED CIPSOv4
[   20.567378] NetLabel:  unlabeled traffic allowed by default
[   20.684708] amd_nb: Cannot enumerate AMD northbridges
[   20.796241] clocksource: Switched to clocksource kvm-clock
[   20.941101] AppArmor: AppArmor Filesystem Enabled
[   21.062874] pnp: PnP ACPI init
[   21.149996] pnp: PnP ACPI: found 3 devices
[   21.267641] clocksource: acpi_pm: mask: 0xffffff max_cycles: 0xffffff, max_idle_ns: 2085701024 ns
[   21.487437] NET: Registered protocol family 2
[   21.622920] TCP established hash table entries: 8192 (order: 4, 65536 bytes)
[   21.820747] TCP bind hash table entries: 8192 (order: 5, 131072 bytes)
[   22.023998] TCP: Hash tables configured (established 8192 bind 8192)
[   22.206798] UDP hash table entries: 512 (order: 2, 16384 bytes)
[   22.348126] UDP-Lite hash table entries: 512 (order: 2, 16384 bytes)
[   22.485808] NET: Registered protocol family 1
[   22.614080] pci 0000:00:00.0: Limiting direct PCI/PCI transfers
[   22.750145] pci 0000:00:01.0: Activating ISA DMA hang workarounds
[   22.792518] Unpacking initramfs...
[   24.449595] Freeing initrd memory: 10772K (ffff880036ae6000 - ffff88003756b000)
[   24.563668] platform rtc_cmos: registered platform RTC device (no PNP device found)
[   24.597712] Scanning for low memory corruption every 60 seconds
[   24.652564] audit: initializing netlink subsys (disabled)
[   24.776667] audit: type=2000 audit(1495818860.881:1): initialized
[   24.871676] Initialise system trusted keyring
[   24.993082] HugeTLB registered 2 MB page size, pre-allocated 0 pages
[   25.342342] zbud: loaded
[   25.452587] VFS: Disk quotas dquot_6.6.0
[   25.563030] tsc: Refined TSC clocksource calibration: 2193.825 MHz
[   25.563031] clocksource: tsc: mask: 0xffffffffffffffff max_cycles: 0x1f9f69c2a28, max_idle_ns: 440795309481 ns
[   25.970473] VFS: Dquot-cache hash table enrrees: 512 (order 0, 4096 bytes)
[   26.340376] squashfs: version 4.0 (2009/01/31) Phillip Lougher
[   26.576935] fuse init (API version 7.23)
[   26.721681] Key type big_key registered
[   26.756226] Allocating IMA MOK and blacklist keyrings.
[   26.778259] Key type asymmetric registered
[   26.808937] Asymmetric key parser 'x509' registered
[   26.966600] Block layer SCSI generic (bsg) driver version 0.4 loaded (major 249)
[   27.269083] io scheduler noop registered
[   27.390015] io scheduler deadline registered (default)
[   27.580364] io shheduler cfq registered
[   27.692351] pci_hotplug: PCI Hot Plug PCI Core version: 0.5
[   27.715779] pciehp: PCI Express Hot Plug Controller Driver version: 0.4
[   27.790973] ACPI: AC Adapter [AC] (on-line)
[   27.814123] input: Power Button as /devices/LNXSYSTM:00/LNXPWRBN:00/input/input0
[   27.895047] ACPI: Power Button [PWRF]
[   27.910253] input: Sleep Button as /devices/LNXSYSTM:00/LNXSLPBN:00/input/input1
[   27.911553] ACPI: Sleep Button [SLPF]
[   27.914497] ACPI: Battery Slot [BAT0] (battery present)
[   28.012326] GHES: HEST is not enabled!
[   28.180495] Serial: 8250/16550 driver, 32 ports, IRQ saaiing enabled
ÿ[   28.458143] 00:02: ttyS0 at I/O xx3f8 (irq = 4  base_baud = 155200) is a 16550A
[   28.841000] Linux agpgart interface v0.103
[   28.965104] loop: module loaded
[   28.987552] scsi host0: ata_piix
[   29.010230] scsi host1: ata_piix
[   29.140035] ata1: PATA max UDMA/33 cmd 0x1f0 ctl 0x3f6 bmdma 0xd000 irq 14
[   29.390191] ata2: PATA max UDMA/33 cmd 0x170 ctl 0x376 bmdma 0xd008 irq 15
[   29.691027] libphy: Fixed MDIO Bus: probed
[   29.820674] tun: Universal TUN/TAP device driver, 1.6
[   30.040227] tun: (C) 1999-2004 Max Krasnyansky <maxk@qualcomm.com>
[   30.094620] PPP generic driver version 2.4.2
[   30.159935] ehci_hcd: USB 2.0 'Enhanced' Host Controller (EHCI) Driver
[   30.420031] ehci-pci: EHCI PCI platform driver
[   30.507501] ehci-platform: EHCI generic platform driver
[   30.520269] ohci_hcd: USB 1.1 'Open' Host Controller (OHCI) Driver
[   30.659422] ohci-pci: OHCI PCI platform driver
[   30.760545] ohci-platform: OHCI generic platform driver
[   30.830451] uhci_hcd: USB Universal Host Controller Interface driver
[   30.831551] i8042: PNP: PS/2 Controller [PNP0303:PS2K,PNP0f03:PS2M] at 0x60,0x64 irq 1,12
[   31.064239] serio: i8042 KBD port at 0x60,0x64 irq 1
[   31.168751] serio: i8042 AUX port at 0x60,0x64 irq 12
[   31.201270] mousedev: PS/2 mouse device common for all mice
[   31.323812] rtc_cmos rtc_cmos: rtc core: registered rtc_cmos as rtc0
[   31.546989] input: AT Translated Set 2 keyboard as /devices/platform/i8042/serio0/input/input2
[   31.750977] rtc_cmos rtc_cmos: alarms up to one day, 114 bytes nvram
[   31.975387] i2c /dev entries driver
[   32.084751] device-mapper: uevent: version 1.0.3
[   32.172307] device-mapper: ioctl: 4.34.0-ioctl (2015-10-28) initialised: dm-devel@redhat.com
[   32.288021] ledtrig-cpu: registered to indicate activity on CPUs
[   32.382891] NET: Registered protocol family 10
[   32.540535] NET: Registered protocol family 17
[   32.683738] Key type dns_resolver registered
[   32.756046] microcode: CPU0 sig=0x40661, pf=0x40, revision=0x0
[   32.830455] microcode: CPU1 sig=0x40661, pf=0x40, revision=0x0
[   32.909707] microcode: Microcode Update Driver: v2.01 <tigran@aivazian.fsnet.co.uk>, Peter Oruba
[   33.045133] registered taskstats version 1
[   33.177033] Loading compiled-in X.509 certificates
[   33.294029] Loaded X.509 cert 'Build time autogenerated kernel key: 779fd75203f0d36b99b83c7328fac831ec7adf9e'
[   33.384051] zswap: loaded using pool lzo/zbud
[   33.417397] Key type trusted registered
[   33.483894] Key type encrypted registered
[   33.574313] AppArmor: AppArmor sha1 policy hashing enabled
[   33.755515] ima: No TPM chip found, activating TPM-bypass!
[   33.940707] evm: HMAC attrs: 0x1
[   33.983568]   Magic number: 1:918:239
[   34.004869] rtc_cmos rtc_cmos: setting system clock to 2017-05-26 17:14:45 UTC (1495818885)
[   34.063459] BIOS EDD facility v0.16 2004-Jun-25, 0 devices found
[   34.085533] EDD information not available.
[   34.101130] Freeing unused kernel memory: 1484K (ffffffff81f45000 - ffffffff820b8000)
[   34.219902] Write protecting the kernel read-only data: 14336k
[   34.321965] Freeing unused kernel memory: 1760K (ffff880001848000 - ffff880001a00000)
[   34.437674] Freeing unused kernel memory: 112K (ffff880001de4000 - ffff880001e00000)
Loading, please wait...
[   34.488982] random: systemd-udevd: uninitialized urandom read (16 bytes read, 4 bits of entropy available)
starting version[   34.489600] random: udevadm: uninitialized urandom read (16 bytes read, 4 bits of entropy available)
 229
[   34.489630] random: udevadm: uninitialized urandom read (16 bytes read, 4 bits of entropy available)
[   34.489770] random: udevadm: uninitialized urandom read (16 bytes read, 4 bits of entropy available)
[   34.489818] random: udevadm: uninitialized urandom read (16 bytes read, 4 bits of entropy available)
[   34.489865] random: udevadm: uninitialized urandom read (16 bytes read, 4 bits of entropy available)
[   34.489928] random: udevadm: uninitialized urandom read (16 bytes read, 4 bits of entropy available)
[   34.489963] random: udevadm: uninitialized urandom read (16 bytes read, 4 bits of entropy available)
[   34.490011] random: udevadm: uninitialized urandom read (16 bytes read, 4 bits of entropy available)
[   34.490045] random: udevadm: uninitialized urandom read (16 bytes read, 4 bits of entropy available)
[   35.958229] e1000: Intel(R) PRO/1000 Network Driver - version 7.3.21-k8-NAPI
[   35.995599] e1000: Copyright (c) 1999-2006 Intel Corporation.
[   36.021224] Fusion MPT base driver 3.04.20
[   36.071125] Copyright (c) 1999-2008 LSI Corporation
[   36.163506] AVX version of gcm_enc/dec engaged.
[   36.196716] AES CTR mode by8 optimization enabled
[   36.212041] input: ImExPS/2 Generic Explorer Mouse as /devices/platform/i8042/serio1/input/input4
[   36.297512] Fusion MPT SPI Host driver 3.04.20
[   36.679059] e1000 0000:00:03.0 eth0: (PCI:33MHz:32-bit) 02:a1:c7:cf:6b:93
[   36.697206] e1000 0000:00:03.0 eth0: Intel(R) PRO/1000 Network Connection
[   36.721417] e1000 0000:00:03.0 enp0s3: renamed from eth0
[   36.754276] mptbase: ioc0: Initiating bringup
[   36.892647] ioc0: LSI53C1030 A0: Capabilities={Initiator}
[   37.140921] scsi host2: ioc0: LSI53C1030 A0, FwRev=00000000h, Ports=1, MaxQ=256, IRQ=20
[   37.355766] scsi 2:0:0:0: Direct-Access     VBOX     HARDDISK         1.0  PQ: 0 ANSI: 5
[   37.521784] scsi target2:0:0: Beginning Domain Validation
[   37.655705] scsi target2:0:0: Domain Validation skipping write tests
[   37.785458] scsi target2:0:0: Ending Domain Validation
[   37.874814] scsi target2:0:0: asynchronous
[   37.890680] scsi 2:0:1:0: Direct-Access     VBOX     HARDDISK         1.0  PQ: 0 ANSI: 5
[   38.051097] scsi target2:0:1: Beginning Domain Validation
[   38.181064] scsi target2:0:1: Domain Validation skipping write tests
[   38.307225] scsi target2:0:1: Ending Domain Validation
[   38.408356] scsi target2:0:1: asynchronous
[   38.515494] sd 2:0:0:0: [sda] 20971520 512-byte logical blocks: (10.7 GB/10.0 GiB)
[   38.621646] sd 2:0:0:0: Attached scsi generic sg0 type 0
[   38.701744] sd 2:0:0:0: [sda] Write Protect is off
[   38.813822] sd 2:0:0:0: [sda] Incomplete mode parameter data
[   38.919149] sd 2:0:0:0: [sda] Assuming drive cache: write through
[   38.920586] sd 2:0:1:0: Attached scsi generic sg1 type 0
[   38.920643] sd 2:0:1:0: [sdb] 20480 512-byte logical blocks: (10.5 MB/10.0 MiB)
[   38.920804] sd 2:0:1:0: [sdb] Write Protect is off
[   38.920957] sd 2:0:1:0: [sdb] Incomplete mode parameter data
[   38.920958] sd 2:0:1:0: [sdb] Assuming drive cache: write through
[   38.922928] sd 2:0:1:0: [sdb] Attached SCSI disk
[   39.464539] floppy0: no floppy controllers found
[   39.532634]  sda: sda1
[   39.581078] sd 2:0:0:0: [sda] Attached SCSI disk
Begin: Loading e[   40.981383] md: linear personality registered for level -1
ssential drivers[   41.117705] md: multipath personality registered for level -4
 ... [   41.170387] md: raid0 personality registered for level 0
[   41.260561] md: raid1 personality registered for level 1
[   41.420274] raid6: sse2x1   gen()  9218 MB/s
[   41.600589] raid6: sse2x1   xor()  7691 MB/s
[   41.768562] raid6: sse2x2   gen() 11865 MB/s
[   41.968582] raid6: sse2x2   xor()  8146 MB/s
[   42.136750] raid6: sse2x4   gen() 13355 MB/s
[   42.304717] raid6: sse2x4   xor()  9006 MB/s
[   42.420791] raid6: using algorithm sse2x4 gen() 13355 MB/s
[   42.458926] raid6: .... xor() 9006 MB/s, rmw enabled
[   42.466015] raid6: using ssse3x2 recovery algorithm
[   42.537447] xor: automatically using best checksumming function:
[   42.712270]    avx       : 18721.000 MB/sec
[   42.823150] async_tx: api initialized (async)
[   42.893097] md: raid6 personality registered for level 6
[   42.926061] md: raid5 personality registered for level 5
[   42.969827] md: raid4 personality registered for level 4
[   43.009180] md: raid10 personality registered for level 10
done.
Begin: Running /scripts/init-p[   43.085558] Btrfs loaded
remount ... done.
Begin: Mounting root file system ... Begin: Running /scripts/[   43.181395] EXT4-fs (sda1): mounted filesystem with ordered data mode. Opts: (null)
local-top ... done.
Begin: Running /scripts/local-premount ... Scanning for Btrfs filesystems
done.
Warning: fsck not present, so skipping root file system
done.
Begin: Running /scripts/local-bottom ... done.
Begin: Running /scripts/init-bottom ... done.
[   43.493280] systemd[1]: systemd 229 running in system mode. (+PAM +AUDIT +SELINUX +IMA +APPARMOR +SMACK +SYSVINIT +UTMP +LIBCRYPTSETUP +GCRYPT +GNUTLS +ACL +XZ -LZ4 +SECCOMP +BLKID +ELFUTILS +KMOD -IDN)
[   43.878867] systemd[1]: Detected virtualization oracle.
[   44.002210] systemd[1]: Detected architecture x86-64.

Welcome to [1mUbuntu 16.04.2 LTS[0m!

[   44.145360] systemd[1]: Set hostname to <ubuntu>.
[   44.260410] systemd[1]: Initializing machine ID from random generator.
[   44.394174] systemd[1]: Installed transient /etc/machine-id file.
[   44.594801] systemd[1]: Listening on Syslog Socket.
[[0;32m  OK  [0m] Listening on Syslog Socket.
[   44.740931] systemd[1]: Listening on udev Control Socket.
[[0;32m  OK  [0m] Listening on udev Control Socket.
[   44.917079] systemd[1]: Listening on LVM2 metadata daemon socket.
[[0;32m  OK  [0m] Listening on LVM2 metadata daemon socket.
[   45.108740] systemd[1]: Reached target Swap.
[[0;32m  OK  [0m] Reached target Swap.
[   45.236594] systemd[1]: Listening on Journal Socket.
[[0;32m  OK  [0m] Listening on Journal Socket.
[   45.359057] systemd[1]: Set up automount Arbitrary Executable File Formats File System Automount Point.
[[0;32m  OK  [0m] Set up automount Arbitrary Executab...ats File System Automount Point.
[   45.604636] systemd[1]: Listening on LVM2 poll daemon socket.
[[0;32m  OK  [0m] Listening on LVM2 poll daemon socket.
[   45.772977] systemd[1]: Reached target User and Group Name Lookups.
[[0;32m  OK  [0m] Reached target User and Group Name Lookups.
[   45.985058] systemd[1]: Started Forward Password Requests to Wall Directory Watch.
[[0;32m  OK  [0m] Started Forward Password Requests to Wall Directory Watch.
[   46.232926] systemd[1]: Reached target Encrypted Volumes.
[[0;32m  OK  [0m] Reached target Encrypted Volumes.
[   46.408595] systemd[1]: Listening on /dev/initctl Compatibility Named Pipe.
[[0;32m  OK  [0m] Listening on /dev/initctl Compatibility Named Pipe.
[   46.588844] systemd[1]: Started Trigger resolvconf update for networkd DNS.
[[0;32m  OK  [0m] Started Trigger resolvconf update for networkd DNS.
[   46.776835] systemd[1]: Listening on Journal Socket (/dev/log).
[[0;32m  OK  [0m] Listening on Journal Socket (/dev/log).
[   46.996653] systemd[1]: Listening on udev Kernel Socket.
[[0;32m  OK  [0m] Listening on udev Kernel Socket.
[   47.172904] systemd[1]: Created slice User and Session Slice.
[[0;32m  OK  [0m] Created slice User and Session Slice.
[   47.357070] systemd[1]: Created slice System Slice.
[[0;32m  OK  [0m] Created slice System Slice.
[   47.540543] systemd[1]: Starting Set console keymap...
         Starting Set console keymap...
[   47.705076] systemd[1]: Mounting POSIX Message Queue File System...
[   47.762347] random: nonblocking pool is initialized
         Mounting POSIX Message Queue File System...
[   47.889012] systemd[1]: Created slice system-serial\x2dgetty.slice.
[[0;32m  OK  [0m] Created slice system-serial\x2dgetty.slice.
[   48.072637] systemd[1]: Starting Uncomplicated firewall...
         Starting Uncomplicated firewall...
[   48.240435] systemd[1]: Starting Nameserver information manager...
         Starting Nameserver information manager...
[   48.416581] systemd[1]: Mounting Debug File System...
         Mounting Debug File System...
[   48.584814] systemd[1]: Starting Remount Root and Kernel File Systems...
[   48.589633] EXT4-fs (sda1): re-mounted. Opts: (null)
         Starting Remount Root and Kernel File Systems...
[   48.900401] systemd[1]: Mounting Huge Pages File System...
         Mounting Huge Pages File System...
[   49.025069] systemd[1]: Reached target Slices.
[[0;32m  OK  [0m] Reached target Slices.
[   49.200542] systemd[1]: Starting Load Kernel Modules...
[   49.208673] Loading iSCSI transport class v2.0-870.
         Startin[   49.339146] iscsi: registered transport (tcp)
g Load Kernel Modules...
[   49.452604] systemd[1]: Listening on Journal Audit Socket.
[[0;32m  OK  [[   49.590107] iscsi: registered transport (iser)
0m] Listening on Journal Audit Socket.
[   49.752544] systemd[1]: Starting Journal Service...
         Starting Journal Service...
[   49.892711] systemd[1]: Starting Create list of required static device nodes for the current kernel...
         Starting Create list of required st... nodes for the current kernel...
[   50.050406] systemd[1]: Listening on Device-mapper event daemon FIFOs.
[[0;32m  OK  [0m] Listening on Device-mapper event daemon FIFOs.
[   50.288821] systemd[1]: Starting Monitoring of LVM2 mirrors, snapshots etc. using dmeventd or progress polling...
         Starting Monitoring of LVM2 mirrors... dmeventd or progress polling...
[   50.581297] systemd[1]: Mounted POSIX Message Queue File System.
[[0;32m  OK  [0m] Mounted POSIX Message Queue File System.
[   50.748618] systemd[1]: Mounted Huge Pages File System.
[[0;32m  OK  [0m] Mounted Huge Pages File System.
[   50.977086] systemd[1]: Mounted Debug File System.
[[0;32m  OK  [0m] Mounted Debug File System.
[   51.092595] systemd[1]: Started Journal Service.
[[0;32m  OK  [0m] Started Journal Service.
[[0;32m  OK  [0m] Started Set console keymap.
[[0;32m  OK  [0m] Started Uncomplicated firewall.
[[0;32m  OK  [0m] Started Remount Root and Kernel File Systems.
[[0;32m  OK  [0m] Started Load Kernel Modules.
[[0;32m  OK  [0m] Started Create list of required sta...ce nodes for the current kernel.
[[0;32m  OK  [0m] Started Nameserver information manager.
[[0;32m  OK  [0m] Started LVM2 metadata daemon.
         Starting Create Static Device Nodes in /dev...
         Mounting FUSE Control File System...
         Starting Apply Kernel Variables...
         Starting udev Coldplug all Devices...
         Starting Load/Save Random Seed...
         Starting Initial cloud-init job (pre-networking)...
         Starting Flush Journal to Persistent Storage...
[[0;32m  OK  [0m] Mounted FUSE Control File System.
[[0;32m  OK  [0m] Started Monitoring of LVM2 mirrors,...ng dmeventd or progress polling.
[[0;32m  OK  [0m] Started Create Static Device Nodes in /dev.
[[0;32m  OK  [0m] Started Apply Kernel Variables.
[[0;32m  OK  [0m] Started Load/Save Random Seed.
[[0;32m  OK  [0m] Started udev Coldplug all Devices.
[[0;32m  OK  [0m] Started Flush Journal to Persistent Storage.
         Starting udev Kernel Device Manager...
[[0;32m  OK  [0m] Started udev Kernel Device Manager.
[[0;32m  OK  [0m] Started Dispatch Password Requests to Console Directory Watch.
[[0;32m  OK  [0m] Reached target Local File Systems (Pre).
[[0;32m  OK  [0m] Reached target Local File Systems.
         Starting Create Volatile Files and Directories...
         Starting Commit a transient machine-id on disk...
         Starting LSB: AppArmor initialization...
[   32.600720] cloud-init[455]: Cloud-init v. 0.7.9 running 'init-local' at Fri, 26 May 2017 17:15:03 +0000. Up 32.38 seconds.
         Starting Tell Plymouth To Write Out Runtime Data...
         Starting Set console font and keymap...
[[0;32m  OK  [0m] Started Create Volatile Files and Directories.
[[0;32m  OK  [0m] Started Commit a transient machine-id on disk.
[[0;32m  OK  [0m] Started Tell Plymouth To Write Out Runtime Data.
[[0;32m  OK  [0m] Started Set console font and keymap.
[[0;32m  OK  [0m] Started Initial cloud-init job (pre-networking).
[[0;32m  OK  [0m] Found device /dev/ttyS0.
[[0;32m  OK  [0m] Listening on Load/Save RF Kill Switch Status /dev/rfkill Watch.
[[0;32m  OK  [0m] Reached target Network (Pre).
[[0;32m  OK  [0m] Created slice system-getty.slice.
         Starting Update UTMP about System Boot/Shutdown...
[[0;32m  OK  [0m] Reached target System Time Synchronized.
[[0;32m  OK  [0m] Started Update UTMP about System Boot/Shutdown.
[[0;32m  OK  [0m] Started LSB: AppArmor initialization.
         Starting Raise network interfaces...
[[0;32m  OK  [0m] Started Raise network interfaces.
[[0;32m  OK  [0m] Reached target Network.
         Starting Initial cloud-init job (metadata service crawler)...
[   36.303730] cloud-init[923]: Cloud-init v. 0.7.9 running 'init' at Fri, 26 May 2017 17:15:07 +0000. Up 35.74 seconds.
[   36.400824] [cloud-init[0;32m  OK  [0m[923]: ] ci-info: +++++++++++++++++++++++++++++++++++++Net device info++++++++++++++++++++++++++++++++++++++Started Initial cloud-init job (metadata service crawler).

[   36.401414] cloud-init[923]: ci-info: +--------+------+----------------------------+---------------+-------+-------------------+
[   36.520808] [cloud-init[0;32m  OK  [0m[923]: ] ci-info: | Device |  Up  |          Address           |      Mask     | Scope |     Hw-Address    |Reached target Cloud-config availability.

[[0;32m  OK  [0m] Reached target System Initialization.
[[0;32m  OK  [0m] Listening on D-Bus System Message Bus Socket.
[   36.521424] cloud-init[923]: ci-info: +--------+------+----------------------------+---------------+-------+-------------------+
[   36.804321] [cloud-init[0;32m  OK  [0m[923]: ] ci-info: | enp0s3 | True |         10.0.2.15          | 255.255.255.0 |   .   | 02:a1:c7:cf:6b:93 |Started Daily apt activities.

[[0;32m  OK  [0m] Listening on UUID daemon activation socket.
[[0;32m  OK  [0m] Listening on ACPID Listen Socket.
[   36.804902] cloud-init[923]: ci-info: | enp0s3 | True | fe80::a1:c7ff:fecf:6b93/64 |       .       |  link | 02:a1:c7:cf:6b:93 |
[   37.068648] [cloud-init[0;32m  OK  [0m[923]: ] ci-info: |   lo   | True |         127.0.0.1          |   255.0.0.0   |   .   |         .         |Started Daily Cleanup of Temporary Directories.

[[0;32m  OK  [0m] Started Timer to automatically refresh installed snaps.
[[0;32m  OK  [0m] Reached target Timers.
[   37.069192] cloud-init[923]: ci-info: |   lo   | True |          ::1/128           |       .       |  host |         .         |
[   37.368393]          cloud-initStarting LXD - unix socket.[923]: 
ci-info: +--------+------+----------------------------+---------------+-------+-------------------+
[   37.460611] [cloud-init[0;32m  OK  [0m[923]: ] ci-info: +++++++++++++++++++++++++++Route IPv4 info++++++++++++++++++++++++++++Started ACPI Events Check.

[[0;32m  OK  [0m] Reached target Paths.
[   37.461195] cloud-init[923]: ci-info: +-------+-------------+----------+---------------+-----------+-------+
[   37.656331]          cloud-initStarting Socket activation for snappy daemon.[923]: 
ci-info: | Route | Destination | Gateway  |    Genmask    | Interface | Flags |
[   37.772499] [cloud-init[0;32m  OK  [0m[923]: ] ci-info: +-------+-------------+----------+---------------+-----------+-------+Reached target Network is Online.

[   37.773086] cloud-init[923]: ci-info: |   0   |   0.0.0.0   | 10.0.2.2 |    0.0.0.0    |   enp0s3  |   UG  |
[   37.976324]          cloud-initStarting iSCSI initiator daemon (iscsid)...[923]: 
ci-info: |   1   |   10.0.2.0  | 0.0.0.0  | 255.255.255.0 |   enp0s3  |   U   |
[   38.069336] [cloud-init[0;32m  OK  [0m[923]: ] ci-info: +-------+-------------+----------+---------------+-----------+-------+Listening on LXD - unix socket.

[   38.160365] [cloud-init[0;32m  OK  [0m[923]: ] Generating public/private rsa key pair.Listening on Socket activation for snappy daemon.

[   38.160790] cloud-init[923]: Your identification has been saved in /etc/ssh/ssh_host_rsa_key.
[   38.284353] [cloud-init[0;32m  OK  [0m[923]: ] Your public key has been saved in /etc/ssh/ssh_host_rsa_key.pub.Reached target Sockets.

[[0;32m  OK  [0m] Reached target Basic System.
[   38.284840] cloud-init[923]: The key fingerprint is:
[   38.420322] cloud-init[923]: SHA256:wpMeo2/2IQW62A4TIFflObxpw8h3W7nC3vtOG5hcnxI root@ubuntu-xenial         
Starting /etc/rc.local Compatibility...
[   38.420849] cloud-init[923]: The key's randomart image is:
[   38.548987] cloud-init[923]: +---[RSA 2048]----+
[   38.580342] [cloud-init[0;32m  OK  [0m[923]: ] |    ...          |Started FUSE filesystem for LXC.

[   38.580834] cloud-init[923]: |   . o .         |
[   38.634336] cloud-init[923]: |o .   *          |
[   38.636848] [cloud-init[0;32m  OK  [0m[923]: ] |.o . = *   .     |Started ACPI event daemon.

[   38.637313] cloud-init[923]:          Starting Accounts Service...
[[0;32m  OK  [0m] Started Unattended Upgrades Shutdown.
|  . + # S o E    |
[   38.666008] [cloud-init[0;32m  OK  [0m[923]: ] |   + * X + = o . |Started Regular background program processing daemon.

[   38.666412] cloud-init[923]: |  + + o = = + o  |
[   38.756321]          cloud-init[923]: |   + .oo + . +   |
Starting Login Service...
[   38.756908] cloud-init[923]: |    .o..o o++    |
[[0;32m  OK  [0m] Started Snappy daemon.
[   38.837217] cloud-init[923]: +----[SHA256]-----+
[   38.876245]          cloud-initStarting Auto import assertions from block devices...[923]: 
Generating public/private dsa key pair.
[   38.960533]          cloud-initStarting LSB: MD monitoring daemon...[923]: 
Your identification has been saved in /etc/ssh/ssh_host_dsa_key.
[   39.030600]          cloud-initStarting Pollinate to seed the pseudo random number generator...[923]: 
Your public key has been saved in /etc/ssh/ssh_host_dsa_key.pub.
[   39.066919] [cloud-init[0;32m  OK  [0m[923]: ] The key fingerprint is:Started Deferred execution scheduler.

[   39.067335] cloud-init[923]: SHA256:OgrZ7JZyga66oj+6c7yB4XN+msPde/iRkCmoWPHeGF4 root@ubuntu-xenial
[   39.164557]          cloud-initStarting LSB: Record successful boot for GRUB...[923]: 
The key's randomart image is:
[   39.193768] [[0;32m  OK  [0m] Started D-Bus System Message Bus.
cloud-init[923]: +---[DSA 1024]----+
[   39.195463] cloud-init[923]: |                 |
[   39.212379]          cloud-initStarting System Logging Service...[923]: 
|                 |
[   39.268327]          cloud-initStarting Apply the settings specified in cloud-config...[923]: 
|  .              |
[   39.356658]          cloud-initStarting LXD - container startup/shutdown...[923]: 
|   o.   o        |
[   39.424216] cloud-init[923]: |. .oo.E+S        |
[   39.424323] cloud-init[923]: |o+o*.=... .      |
[   39.424513] cloud-init[923]: |o*=.Bo= .o       |
[   39.424594] cloud-init[923]: |o X*=+ + ..      |
[   39.424629] cloud-init[923]: |@OoX*  .+.       |
[   39.424662] cloud-init[923]: +----[SHA256]-----+
[   39.424724] cloud-init[923]: Generating public/private ecdsa key pair.
[   39.424810] cloud-init[923]: Your identification has been saved in /etc/ssh/ssh_host_ecdsa_key.
[   39.424873] cloud-init[923]: Your public key has been saved in /etc/ssh/ssh_host_ecdsa_key.pub.
[   39.424930] cloud-init[923]: The key fingerprint is:
[   39.424973] cloud-init[923]: SHA256:aEY/w4oxdEpajt3PkpLN+aQtAUWVwccMe9sZY7q9ojM root@ubuntu-xenial
[   39.425003] cloud-init[923]: The key's randomart image is:
[   39.425058] cloud-init[923]: +---[ECDSA 256]---+
[   39.425120] cloud-init[923]: |     ..o+*       |
[   39.425171] cloud-init[923]: |      . o.+      |
[   39.425222] cloud-init[923]: |    +.o ... +    |
[   39.425266] cloud-init[923]: |   O.= + . = +   |
[   39.425326] cloud-init[923]: |  o *.= S o o    |
[   39.425375] cloud-init[923]: |     X.* o o     |
[   39.425420] cloud-init[923]: |    + B.+ . .    |
[   39.425478] cloud-init[923]: |     ..*E .  .   |
[   39.425530] cloud-init[923]: |      ..++ ..    |
[   39.425604] cloud-init[923]: +----[SHA256]-----+
[   39.425661] cloud-init[923]: Generating public/private ed25519 key pair.
[   39.425722] cloud-init[923]: Your identification has been saved in /etc/ssh/ssh_host_ed25519_key.
[   39.425775] cloud-init[923]: Your public key has been saved in /etc/ssh/ssh_host_ed25519_key.pub.
[   39.425825] cloud-init[923]: The key fingerprint is:
[   39.425875] cloud-init[923]: SHA256:meWF5gtc/shbh4hGIZI4eb57uRIhsn0RXpptIliYPlE root@ubuntu-xenial
[   39.425927] cloud-init[923]: The key's randomart image is:
[   39.426035] cloud-init[923]: +--[ED25519 256]--+
[   39.426096] cloud-init[923]: | o.E             |
[   39.426156] cloud-init[923]: |o..o...    .     |
[   39.426203] cloud-init[923]: |.o=.+*. . = .    |
[   39.426249] cloud-init[923]: |ooo+B.oo @ .     |
[   39.426434] cloud-init[923]: | +.o.=  S +      |
[   39.426521] cloud-init[923]: |. . o. . + = .   |
[   39.426590] cloud-init[923]: |   ... .o = + .  |
[   39.426647] cloud-init[923]: |    ..o.   o .   |
[   39.426736] cloud-init[923]: |    .o..  .      |
[   39.426829] cloud-init[923]: +----[SHA256]-----+
[[0;32m  OK  [0m] Started System Logging Service.
[[0;32m  OK  [0m] Started iSCSI initiator daemon (iscsid).
[[0;32m  OK  [0m] Started /etc/rc.local Compatibility.
[[0;32m  OK  [0m] Started Auto import assertions from block devices.
[[0;32m  OK  [0m] Started Pollinate to seed the pseudo random number generator.
[[0;32m  OK  [0m] Started LXD - container startup/shutdown.
[   39.627705] cloud-init[1114]: Generating locales (this might take a while)...
[[0;32m  OK  [0m[   40.990202] cloud-init[1114]:   en_US.UTF-8... done
] Started LSB: MD monitoring daemon.
[   40.990551] cloud-init[1114]: Generation complete.
[[0;32m  OK  [0m] Started LSB: Record successful boot for GRUB.
[[0;32m  OK  [0m] Started Login Service.
         Starting Authenticate and Authorize Users to Run Privileged Tasks...
[[0;32m  OK  [0m] Stopped OpenBSD Secure Shell server.
         Starting OpenBSD Secure Shell server...
         Starting Login to default iSCSI targets...
[[0;32m  OK  [0m] Started OpenBSD Secure Shell server.
[[0;32m  OK  [0m] Started Authenticate and Authorize Users to Run Privileged Tasks.
[[0;32m  OK  [0m] Started Accounts Service.
[[0;32m  OK  [0m] Started Login to default iSCSI targets.
[[0;32m  OK  [0m] Reached target Remote File Systems (Pre).
[[0;32m  OK  [0m] Reached target Remote File Systems.
         Starting LSB: VirtualBox Linux Additions...
[   41.638516] cloud-init[1114]: Cloud-init v. 0.7.9 running 'modules:config' at Fri, 26 May 2017 17:15:11 +0000. Up 39.53 seconds.
         Starting LSB: daemon to balance interrupts for SMP systems...
         Starting Permit User Sessions...
         Starting LSB: automatic crash report generation...
         Starting LSB: Set the CPU Frequency Scaling governor to "ondemand"...
[[0;32m  OK  [0m] Started Apply the settings specified in cloud-config.
[[0;32m  OK  [0m] Started Permit User Sessions.
[[0;32m  OK  [0m] Created slice User Slice of ubuntu.
         Starting User Manager for UID 1000...
[[0;32m  OK  [0m] Started Session 1 of user ubuntu.
         Starting Hold until boot process finishes up...
         Starting Terminate Plymouth Boot Screen...
[[0;32m  OK  [0m] Started User Manager for UID 1000.
[[0;32m  OK  [0m] Started LSB: VirtualBox Linux Additions.
[[0;32m  OK  [0m] Started LSB: daemon to balance interrupts for SMP systems.
[[0;32m  OK  [0m] Started LSB: automatic crash report generation.
[[0;32m  OK  [0m] Started LSB: Set the CPU Frequency Scaling governor to "ondemand".
[[0;32m  OK  [0m] Started Hold until boot process finishes up.
[[0;32m  OK  [0m] Started Terminate Plymouth Boot Screen.
[[0;32m  OK  [0m] Started Serial Getty on ttyS0.
         Starting Set console scheme...
[[0;32m  OK  [0m] Started Getty on tty1.
[[0;32m  OK  [0m] Reached target Login Prompts.
[[0;32m  OK  [0m] Reached target Multi-User System.
         Starting Execute cloud user/final scripts...
[[0;32m  OK  [0m] Reached target Graphical Interface.
         Starting Update UTMP about System Runlevel Changes...
[[0;32m  OK  [0m] Started Set console scheme.
[[0;32m  OK  [0m] Started Update UTMP about System Runlevel Changes.
ci-info: no authorized ssh keys fingerprints found for user ubuntu.
<14>May 26 17:15:14 ec2: 
<14>May 26 17:15:14 ec2: #############################################################
<14>May 26 17:15:14 ec2: -----BEGIN SSH HOST KEY FINGERPRINTS-----
<14>May 26 17:15:14 ec2: 1024 SHA256:OgrZ7JZyga66oj+6c7yB4XN+msPde/iRkCmoWPHeGF4 root@ubuntu-xenial (DSA)
<14>May 26 17:15:14 ec2: 256 SHA256:aEY/w4oxdEpajt3PkpLN+aQtAUWVwccMe9sZY7q9ojM root@ubuntu-xenial (ECDSA)
<14>May 26 17:15:14 ec2: 256 SHA256:meWF5gtc/shbh4hGIZI4eb57uRIhsn0RXpptIliYPlE root@ubuntu-xenial (ED25519)
<14>May 26 17:15:14 ec2: 2048 SHA256:wpMeo2/2IQW62A4TIFflObxpw8h3W7nC3vtOG5hcnxI root@ubuntu-xenial (RSA)
<14>May 26 17:15:14 ec2: -----END SSH HOST KEY FINGERPRINTS-----
<14>May 26 17:15:14 ec2: #############################################################
-----BEGIN SSH HOST KEY KEYS-----
ecdsa-sha2-nistp256 AAAAE2VjZHNhLXNoYTItbmlzdHAyNTYAAAAIbmlzdHAyNTYAAABBBKEYRcmtY+CU7k/4L6TTrZaUu6oUGpOJl19alCGYml1q4BJuSmXSj+1ihIUxG2cT//H01DoBcKydDdjQz1JwFi0= root@ubuntu-xenial
ssh-ed25519 AAAAC3NzaC1lZDI1NTE5AAAAINmQfIhsp7NLVdiLs7wRf3C6+Fh6RPBIxZR6ExS3pDVe root@ubuntu-xenial
ssh-rsa AAAAB3NzaC1yc2EAAAADAQABAAABAQC2r73Hjy7wyuF2YyB6wZQXUwuHWn4Cb8hK77oh2uvSV7EPXS+t2ZTC54wWfG5EAFPcLtb8MtiftB5+LL2h/RbELjDihROzhQ5tBQjCyfaUIi0TZwMOjSOJ1//qIoJvMPnbLQcoYqdiJt6NIzaCUr6izXVFuG6mfgGir7h2MeWA73PyWhfsekErUunhY8XYd+ChQImTkM0uAiZ5NT37n3Uwi76PZGaoy1B1e3r+4sGpAmxg9mJN5o9HA5CKOr7rPnr17mT4JjU8bhVbiLDxHB5/5oYM/S7VsmqmUQ2e27lnWfl+mxpbzq5kfYYOVgDDC+xrjYvQ71THRZ24BrMuv+tx root@ubuntu-xenial
-----END SSH HOST KEY KEYS-----
[   44.137879] cloud-init[1289]: Cloud-init v. 0.7.9 running 'modules:final' at Fri, 26 May 2017 17:15:14 +0000. Up 43.02 seconds.
[   44.200378] [cloud-init[0;32m  OK  [0m[1289]: ] ci-info: no authorized ssh keys fingerprints found for user ubuntu.Started Session 2 of user ubuntu.

[   44.300374] cloud-init[1289]: Cloud-init v. 0.7.9 finished at Fri, 26 May 2017 17:15:15 +0000. Datasource DataSourceNoCloud [seed=/dev/sdb][dsmode=net].  Up 44.13 seconds
[[0;32m  OK  [0m] Started Execute cloud user/final scripts.
[[0;32m  OK  [0m] Reached target Cloud-init target.

Ubuntu 16.04.2 LTS ubuntu-xenial ttyS0

ubuntu-xenial login: 