[    0.000000] Initializing cgroup subsys cpuset
[    0.000000] Initializing cgroup subsys cpu
[    0.000000] Initializing cgroup subsys cpuacct
[    0.000000] Linux version 4.4.0-78-generic (buildd@lgw01-11) (gcc version 5.4.0 20160609 (Ubuntu 5.4.0-6ubuntu1~16.04.4) ) #99-Ubuntu SMP Thu Apr 27 15:29:09 UTC 2017 (Ubuntu 4.4.0-78.99-generic 4.4.62)
[    0.000000] Command line: BOOT_IMAGE=/boot/vmlinuz-4.4.0-78-generic root=LABEL=cloudimg-rootfs ro console=tty1 console=ttyS0
[    0.000000] KERNEL supported cpus:
[    0.000000]   Intel GenuineIntel
[    0.000000]   AMD AuthenticAMD
[    0.000000]   Centaur CentaurHauls
[    0.000000] x86/fpu: xstate_offset[2]:  576, xstate_sizes[2]:  256
[    0.000000] x86/fpu: Supporting XSAVE feature 0x01: 'x87 floating point registers'
[    0.000000] x86/fpu: Supporting XSAVE feature 0x02: 'SSE registers'
[    0.000000] x86/fpu: Supporting XSAVE feature 0x04: 'AVX registers'
[    0.000000] x86/fpu: Enabled xstate features 0x7, context size is 832 bytes, using 'standard' format.
[    0.000000] x86/fpu: Using 'lazy' FPU context switches.
[    0.000000] e820: BIOS-provided physical RAM map:
[    0.000000] BIOS-e820: [mem 0x0000000000000000-0x000000000009fbff] usable
[    0.000000] BIOS-e820: [mem 0x000000000009fc00-0x000000000009ffff] reserved
[    0.000000] BIOS-e820: [mem 0x00000000000f0000-0x00000000000fffff] reserved
[    0.000000] BIOS-e820: [mem 0x0000000000100000-0x000000003ffeffff] usable
[    0.000000] BIOS-e820: [mem 0x000000003fff0000-0x000000003fffffff] ACPI data
[    0.000000] BIOS-e820: [mem 0x00000000fec00000-0x00000000fec00fff] reserved
[    0.000000] BIOS-e820: [mem 0x00000000fee00000-0x00000000fee00fff] reserved
[    0.000000] BIOS-e820: [mem 0x00000000fffc0000-0x00000000ffffffff] reserved
[    0.000000] NX (Execute Disable) protection: active
[    0.000000] SMBIOS 2.5 present.
[    0.000000] Hypervisor detected: KVM
[    0.000000] e820: last_pfn = 0x3fff0 max_arch_pfn = 0x400000000
[    0.000000] MTRR: Disabled
[    0.000000] x86/PAT: MTRRs disabled, skipping PAT initialization too.
[    0.000000] x86/PAT: Configuration [0-7]: WB  WT  UC- UC  WB  WT  UC- UC  
[    0.000000] CPU MTRRs all blank - virtualized system.
[    0.000000] found SMP MP-table at [mem 0x0009fff0-0x0009ffff] mapped at [ffff88000009fff0]
[    0.000000] Scanning 1 areas for low memory corruption
[    0.000000] RAMDISK: [mem 0x36ae6000-0x3756afff]
[    0.000000] ACPI: Early table checksum verification disabled
[    0.000000] ACPI: RSDP 0x00000000000E0000 000024 (v02 VBOX  )
[    0.000000] ACPI: XSDT 0x000000003FFF0030 00003C (v01 VBOX   VBOXXSDT 00000001 ASL  00000061)
[    0.000000] ACPI: FACP 0x000000003FFF00F0 0000F4 (v04 VBOX   VBOXFACP 00000001 ASL  00000061)
[    0.000000] ACPI: DSDT 0x000000003FFF0470 0021C8 (v02 VBOX   VBOXBIOS 00000002 INTL 20100528)
[    0.000000] ACPI: FACS 0x000000003FFF0200 000040
[    0.000000] ACPI: FACS 0x000000003FFF0200 000040
[    0.000000] ACPI: APIC 0x000000003FFF0240 00005C (v02 VBOX   VBOXAPIC 00000001 ASL  00000061)
[    0.000000] ACPI: SSDT 0x000000003FFF02A0 0001CC (v01 VBOX   VBOXCPUT 00000002 INTL 20100528)
[    0.000000] No NUMA configuration found
[    0.000000] Faking a node at [mem 0x0000000000000000-0x000000003ffeffff]
[    0.000000] NODE_DATA(0) allocated [mem 0x3ffeb000-0x3ffeffff]
[    0.000000] kvm-clock: Using msrs 4b564d01 and 4b564d00
[    0.000000] kvm-clock: cpu 0, msr 0:3ffe3001, primary cpu clock
[    0.000000] kvm-clock: using sched offset of 3295694765 cycles
[    0.000000] clocksource: kvm-clock: mask: 0xffffffffffffffff max_cycles: 0x1cd42e4dffb, max_idle_ns: 881590591483 ns
[    0.000000] Zone ranges:
[    0.000000]   DMA      [mem 0x0000000000001000-0x0000000000ffffff]
[    0.000000]   DMA32    [mem 0x0000000001000000-0x000000003ffeffff]
[    0.000000]   Normal   empty
[    0.000000]   Device   empty
[    0.000000] Movable zone start for each node
[    0.000000] Early memory node ranges
[    0.000000]   node   0: [mem 0x0000000000001000-0x000000000009efff]
[    0.000000]   node   0: [mem 0x0000000000100000-0x000000003ffeffff]
[    0.000000] Initmem setup node 0 [mem 0x0000000000001000-0x000000003ffeffff]
[    0.000000] ACPI: PM-Timer IO Port: 0x4008
[    0.000000] IOAPIC[0]: apic_id 2, version 32, address 0xfec00000, GSI 0-23
[    0.000000] ACPI: INT_SRC_OVR (bus 0 bus_irq 0 global_irq 2 dfl dfl)
[    0.000000] ACPI: INT_SRC_OVR (bus 0 bus_irq 9 global_irq 9 high level)
[    0.000000] Using ACPI (MADT) for SMP configuration information
[    0.000000] smpboot: Allowing 2 CPUs, 0 hotplug CPUs
[    0.000000] PM: Registered nosave memory: [mem 0x00000000-0x00000fff]
[    0.000000] PM: Registered nosave memory: [mem 0x0009f000-0x0009ffff]
[    0.000000] PM: Registered nosave memory: [mem 0x000a0000-0x000effff]
[    0.000000] PM: Registered nosave memory: [mem 0x000f0000-0x000fffff]
[    0.000000] e820: [mem 0x40000000-0xfebfffff] available for PCI devices
[    0.000000] Booting paravirtualized kernel on KVM
[    0.000000] clocksource: refined-jiffies: mask: 0xffffffff max_cycles: 0xffffffff, max_idle_ns: 7645519600211568 ns
[    0.000000] setup_percpu: NR_CPUS:512 nr_cpumask_bits:512 nr_cpu_ids:2 nr_node_ids:1
[    0.000000] PERCPU: Embedded 33 pages/cpu @ffff88003fc00000 s98264 r8192 d28712 u1048576
[    0.000000] PV qspinlock hash table entries: 256 (order: 0, 4096 bytes)
[    0.000000] Built 1 zonelists in Node order, mobility grouping on.  Total pages: 257913
[    0.000000] Policy zone: DMA32
[    0.000000] Kernel command line: BOOT_IMAGE=/boot/vmlinuz-4.4.0-78-generic root=LABEL=cloudimg-rootfs ro console=tty1 console=ttyS0
[    0.000000] PID hash table entries: 4096 (order: 3, 32768 bytes)
[    0.000000] Memory: 1001808K/1048120K available (8469K kernel code, 1294K rwdata, 3984K rodata, 1484K init, 1316K bss, 46312K reserved, 0K cma-reserved)
[    0.000000] SLUB: HWalign=64, Order=0-3, MinObjects=0, CPUs=2, Nodes=1
[    0.000000] Hierarchical RCU implementation.
[    0.000000] 	Build-time adjustment of leaf fanout to 64.
[    0.000000] 	RCU restricting CPUs from NR_CPUS=512 to nr_cpu_ids=2.
[    0.000000] RCU: Adjusting geometry for rcu_fanout_leaf=64, nr_cpu_ids=2
[    0.000000] NR_IRQS:33024 nr_irqs:440 16
[    0.000000] Console: colour VGA+ 80x25
[    0.000000] console [tty1] enabled
[    0.000000] console [ttyS0] enabled
[    0.000000] tsc: Detected 2194.918 MHz processor
[   12.404710] Calibrating delay loop (skipped) preset value.. 4389.83 BogoMIPS (lpj=8779672)
[   12.455607] pid_max: default: 32768 minimum: 301
[   12.552061] ACPI: Core revision 20150930
[   12.632421] ACPI: 2 ACPI AML tables successfully acquired and loaded
[   12.775354] Security Framework initialized
[   12.879388] Yama: becoming mindful.
[   12.956305] AppArmor: AppArmor initialized
[   13.066263] Dentry cache hash table entries: 131072 (order: 8, 1048576 bytes)
[   13.143235] Inode-cache hash table entries: 65536 (order: 7, 524288 bytes)
[   13.225739] Mount-cache hash table entries: 2048 (order: 2, 16384 bytes)
[   13.366126] Mountpoint-cache hash table entries: 2048 (order: 2, 16384 bytes)
[   13.518029] Initializing cgroup subsys io
[   13.623766] Initializing cgroup subsys memory
[   13.705938] Initializing cgroup subsys devices
[   13.801853] Initializing cgroup subsys freezer
[   13.910253] Initializing cgroup subsys net_cls
[   14.018100] Initializing cgroup subsys perf_event
[   14.112573] Initializing cgroup subsys net_prio
[   14.206366] Initializing cgroup subsys hugetlb
[   14.255207] Initializing cgroup subsys pids
[   14.274053] CPU: Physical Processor ID: 0
[   14.274786] CPU: Processor Core ID: 0
[   14.276257] mce: CPU supports 0 MCE banks
[   14.277087] Last level iTLB entries: 4KB 1024, 2MB 1024, 4MB 1024
[   14.342503] Last level dTLB entries: 4KB 1024, 2MB 1024, 4MB 1024, 1GB 4
[   14.500014] Freeing SMP alternatives memory: 32K (ffffffff820b8000 - ffffffff820c0000)
[   14.697039] ftrace: allocating 32120 entries in 126 pages
[   14.864697] smpboot: APIC(0) Converting physical 0 to logical package 0
[   15.026202] smpboot: Max logical packages: 1
[   15.132253] x2apic enabled
[   15.200503] Switched APIC routing to physical x2apic.
[   15.291667] ..TIMER: vector=0x30 apic1=0 pin1=2 apic2=-1 pin2=-1
[   15.465480] smpboot: CPU0: Intel(R) Core(TM) i7-4770HQ CPU @ 2.20GHz (family: 0x6, model: 0x46, stepping: 0x1)
[   15.709777] Performance Events: unsupported p6 CPU model 70 no PMU driver, software events only.
[   15.872891] KVM setup paravirtual spinlock
[   15.946620] x86: Booting SMP configuration:
[   16.021004] .... node  #0, CPUs:      #1
[   16.093552] kvm-clock: cpu 1, msr 0:3ffe3041, secondary cpu clock
[   16.239818] mce: CPU supports 0 MCE banks
[   16.327996] x86: Booted up 1 node, 2 CPUs
[   16.389871] smpboot: Total of 2 processors activated (8779.67 BogoMIPS)
[   16.440623] devtmpfs: initialized
[   16.491621] evm: security.selinux
[   16.579424] evm: security.SMACK64
[   16.642595] evm: security.SMACK64EXEC
[   16.707653] evm: security.SMACK64TRANSMUTE
[   16.776717] evm: security.SMACK64MMAP
[   16.783960] evm: security.ima
[   16.832246] evm: security.capability
[   16.895187] clocksource: jiffies: mask: 0xffffffff max_cycles: 0xffffffff, max_idle_ns: 7645041785100000 ns
[   16.951398] futex hash table entries: 512 (order: 3, 32768 bytes)
[   16.956040] pinctrl core: initialized pinctrl subsystem
[   17.030126] RTC time: 17:11:17, date: 06/02/17
[   17.119637] NET: Registered protocol family 16
[   17.218279] cpuidle: using governor ladder
[   17.286148] cpuidle: using governor menu
[   17.361558] PCCT header not found.
[   17.424132] ACPI: bus type PCI registered
[   17.482253] acpiphp: ACPI Hot Plug PCI Controller Driver version: 0.5
[   17.524623] PCI: Using configuration type 1 for base access
[   17.627961] ACPI: Added _OSI(Module Device)
[   17.700610] ACPI: Added _OSI(Processor Device)
[   17.774548] ACPI: Added _OSI(3.0 _SCP Extensions)
[   17.864702] ACPI: Added _OSI(Processor Aggregator Device)
[   17.995943] ACPI: Executed 1 blocks of module-level executable AML code
[   18.106987] ACPI: Interpreter enabled
[   18.182022] ACPI: (supports S0 S5)
[   18.246719] ACPI: Using IOAPIC for interrupt routing
[   18.336844] PCI: Using host bridge windows from ACPI; if necessary, use "pci=nocrs" and report a bug
[   18.386260] ACPI: PCI Root Bridge [PCI0] (domain 0000 [bus 00-ff])
[   18.464263] acpi PNP0A03:00: _OSC: OS supports [ASPM ClockPM Segments MSI]
[   18.576592] acpi PNP0A03:00: _OSC failed (AE_NOT_FOUND); disabling ASPM
[   18.624439] acpi PNP0A03:00: fail to add MMCONFIG information, can't access extended PCI configuration space under this bridge.
[   18.702305] PCI host bridge to bus 0000:00
[   18.703031] pci_bus 0000:00: root bus resource [io  0x0000-0x0cf7 window]
[   18.704069] pci_bus 0000:00: root bus resource [io  0x0d00-0xffff window]
[   18.767331] pci_bus 0000:00: root bus resource [mem 0x000a0000-0x000bffff window]
[   18.912776] pci_bus 0000:00: root bus resource [mem 0x40000000-0xffdfffff window]
[   19.060627] pci_bus 0000:00: root bus resource [bus 00-ff]
[   19.146835] pci 0000:00:01.1: legacy IDE quirk: reg 0x10: [io  0x01f0-0x01f7]
[   19.281984] pci 0000:00:01.1: legacy IDE quirk: reg 0x14: [io  0x03f6]
[   19.375159] pci 0000:00:01.1: legacy IDE quirk: reg 0x18: [io  0x0170-0x0177]
[   19.506640] pci 0000:00:01.1: legacy IDE quirk: reg 0x1c: [io  0x0376]
[   19.623814] pci 0000:00:07.0: quirk: [io  0x4000-0x403f] claimed by PIIX4 ACPI
[   19.700172] pci 0000:00:07.0: quirk: [io  0x4100-0x410f] claimed by PIIX4 SMB
[   19.735826] ACPI: PCI Interrupt Link [LNKA] (IRQs 5 9 10 *11)
[   19.825443] ACPI: PCI Interrupt Link [LNKB] (IRQs 5 9 10 *11)
[   19.930520] ACPI: PCI Interrupt Link [LNKC] (IRQs 5 9 *10 11)
[   20.000857] ACPI: PCI Interrupt Link [LNKD] (IRQs 5 *9 10 11)
[   20.065130] ACPI: Enabled 2 GPEs in block 00 to 07
[   20.106235] vgaarb: setting as boot device: PCI:0000:00:02.0
[   20.190877] vgaarb: device added: PCI:0000:00:02.0,decodes=io+mem,owns=io+mem,locks=none
[   20.322314] vgaarb: loaded
[   20.366510] vgaarb: bridge control possible 0000:00:02.0
[   20.474182] SCSI subsystem initialized
[   20.538125] ACPI: bus type USB registered
[   20.613629] usbcore: registered new interface driver usbfs
[   20.720291] usbcore: registered new interface driver hub
[   20.772909] usbcore: registered new device driver usb
[   20.807142] PCI: Using ACPI for IRQ routing
[   20.836858] NetLabel: Initializing
[   20.878802] NetLabel:  domain hash size = 128
[   20.975799] NetLabel:  protocols = UNLABELED CIPSOv4
[   21.076447] NetLabel:  unlabeled traffic allowed by default
[   21.177141] amd_nb: Cannot enumerate AMD northbridges
[   21.276714] clocksource: Switched to clocksource kvm-clock
[   21.311989] AppArmor: AppArmor Filesystem Enabled
[   21.383266] pnp: PnP ACPI init
[   21.420980] pnp: PnP ACPI: found 3 devices
[   21.529240] clocksource: acpi_pm: mask: 0xffffff max_cycles: 0xffffff, max_idle_ns: 2085701024 ns
[   21.675413] NET: Registered protocol family 2
[   21.758872] TCP established hash table entries: 8192 (order: 4, 65536 bytes)
[   21.865678] TCP bind hash table entries: 8192 (order: 5, 131072 bytes)
[   21.937739] TCP: Hash tables configured (established 8192 bind 8192)
[   22.003723] UDP hash table entries: 512 (order: 2, 16384 bytes)
[   22.038392] UDP-Lite hash table entries: 512 (order: 2, 16384 bytes)
[   22.119383] NET: Registered protocol family 1
[   22.177513] pci 0000:00:00.0: Limiting direct PCI/PCI transfers
[   22.296849] pci 0000:00:01.0: Activating ISA DMA hang workarounds
[   22.385902] Unpacking initramfs...
[   25.030658] Freeing initrd memory: 10772K (ffff880036ae6000 - ffff88003756b000)
[   25.210601] platform rtc_cmos: registered platform RTC device (no PNP device found)
[   25.279510] Scanning for low memory corruption every 60 seconds
[   25.290877] audit: initializing netlink subsys (disabled)
[   25.414969] audit: type=2000 audit(1496423470.216:1): initialized
[   25.512933] Initialise system trusted keyring
[   25.697396] HugeTLB registered 2 MB page size, pre-allocated 0 pages
[   25.800538] zbud: loaded
[   25.822799] VFS: Disk quotas dquot_6.6.0
[   25.830619] VFS: Dquot-cache hash table entries: 512 (order 0, 4096 bytes)
[   25.962139] squashfs: version 4.0 (2009/01/31) Phillip Lougher
[   25.990466] fuse init (API version 7.23)
[   26.008783] Key type big_key registered
[   26.047800]AAllocating IMA MOK and blacklist keyrings.
[   26.298613] tsc: Refined TSC clocksource calibration: 2193.942 MHz
[   26.541548] clocksource: tsc: mask: 0xffffffffffffffff max_cycles: 0x1f9fd7df826, max_idle_ns: 440795219630 ns
[   26.541835] Key type asymmetric registered
[   26.541842] Asymmetric key parser 'x509' registered
[   26.541898] Block layer SCSI generic (bsg) driver version 0.4 loaded (major 249)
[   26.541926] io scheduler noop registered
[   26.541928] io scheduler deadline registered (default)
[   26.541964] io scheduler cfq registered
[   26.542109] pci_hotplug: PCI Hot Plug PCI Core version: 0.5
[   26.542135] pciehp: PCI Express Hot Plug Controller Driver version: 0.4
[   26.542504] ACPI: AC Adapter [AC] (on-line)
[   26.542561] input: Power Button as /devices/LNXSYSTM:00/LNXPWRBN:00/input/input0
[   26.542563] ACPI: Power Button [PWRF]
[   26.542631] input: Sleep Button as /devices/LNXSYSTM:00/LNXSLPBN:00/input/input1
[   26.542632] ACPI: Sleep Button [SLPF]
[   26.542767] GHES: HEST is not enabled!
[   26.823435] ACPI: Battery Slot [BAT0] (battery present)
[   26.823476] Serial: 8250/16550 driver, 32 ports, IRQ sharing enabled
[   26.896776] 00:02: ttyS0 at I/O 0x3f8 (irq = 4, base_baud = 115200) is a 16550A
[   26.982169] Linux agpgart interface v0.103
[   27.068370] loop: module loaded
[   27.068950] scsi host0: ata_piix
[   27.069017] scsi host1: ata_piix
[   27.069044] ata1: PATA max UDMA/33 cmd 0x1f0 ctl 0x3f6 bmdma 0xd000 irq 14
[   27.069044] ata2: PATA max UDMA/33 cmd 0x170 ctl 0x376 bmdma 0xd008 irq 15
[   27.069109] libphy: Fixed MDIO Bus: probed
[   27.069111] tun: Universal TUN/TAP device driver, 1.6
[   27.069111] tun: (C) 1999-2004 Max Krasnyansky <maxk@qualcomm.com>
[   27.069434] PPP generic driver version 2.4.2
[   27.069535] ehci_hcd: USB 2.0 'Enhanced' Host Controller (EHCI) Driver
[   27.069540] ehci-pci: EHCI PCI platform driver
[   27.069561] ehci-platform: EHCI generic platform driver
[   27.069568] ohci_hcd: USB 1.1 'Open' Host Controller (OHCI) Driver
[   27.069572] ohci-pci: OHCI PCI platform driver
[   27.069583] ohci-platform: OHCI generic platform driver
[   27.069592] uhci_hcd: USB Universal Host Controller Interface driver
[   27.069658] i8042: PNP: PS/2 Controller [PNP0303:PS2K,PNP0f03:PS2M] at 0x60,0x64 irq 1,12
[   27.070229] serio: i8042 KBD port at 0x60,0x64 irq 1
[   27.070234] serio: i8042 AUX port at 0x60,0x64 irq 12
[   27.070373] mousedev: PS/2 mouse device common for all mice
[   27.070677] input: AT Translated Set 2 keyboard as /devices/platform/i8042/serio0/input/input2
[   27.070986] rtc_cmos rtc_cmos: rtc core: registere  rtc_cmos as rtc0
[   27.071045] rtc_cmos rtc_cmos: alarms up to one day, 114 bytes nvram
[   27.071053] i2c /dev entries driver
[   27.071107] device-mapper: uevent: version 1.0.3
[   27.071182] device-mapper: ioctl: 4.34.0-ioctl (2015-10-28) initialised: dm-devel@redhat.com
[   27.071210] ledtrig-cpu: registered to indicate activity on CPUs
[   27.071747] NET: Registered protocol family 10
[   27.071918] NET: Registered protocol family 17
[   27.071929] Key type dns_resolver registered
[   27.072053] microcode: CPU0 sig=0x40661, pf=0x40, revision=0x0
[   27.092798] microcode: CPU1 sig=0x40661, pf=0x40, revision=0x0
[   27.092918] microcode: Microcode Update Driver: v2.01 <tigran@aivazian.fsnet.co.uk>, Peter Oruba
[   27.093159] registered taskstats version 1
[   27.093261] Loading compiled-in X.509 certificates
[   27.094101] Loaded X.509 cert 'Build time autogenerated kernel key: 779fd75203f0d36b99b83c7328fac831ec7adf9e'
[   27.094134] zswap: loaded using pool lzo/zbud
[   27.095837] Key type trusted registered
[   27.098292] Key type encrypted registered
[   27.098297] AppArmor: AppArmor sha1 policy hashing enabled
[   27.098299] ima: No TPM chip found, activating TPM-bypass!
[   27.098320] evm: HMAC attrs: 0x1
[   27.098630]   Magic number: 5:568:187
[   27.112375] rtc_cmos rtc_cmos: setting system clock to 2017-06-02 17:11:27 UTC (1496423487)
[   27.112524] BIOS EDD facility v0.16 2004-Jun-25, 0 devices found
[   27.112524] EDD information not available.
[   31.454725] Freeing unused kernel memory: 1484K (ffffffff81f45000 - ffffffff820b8000)
[   31.585914] Write protecting the kernel read-only data: 14336k
[   31.682436] Freeing unused kernel memory: 1760K (ffff880001848000 - ffff880001a00000)
[   31.822545] Freeing unused kernel memory: 112K (ffff880001de4000 - ffff880001e00000)
Loading, please [   31.993730] random: systemd-udevd: uninitialized urandom read (16 bytes read, 4 bits of entropy available)
wait...
startin[   31.994234] random: udevadm: uninitialized urandom read (16 bytes read, 4 bits of entropy available)
g version 229
[   31.994264] random: udevadm: uninitialized urandom read (16 bytes read, 4 bits of entropy available)
[   31.994358] random: udevadm: uninitialized urandom read (16 bytes read, 4 bits of entropy available)
[   31.994391] random: udevadm: uninitialized urandom read (16 bytes read, 4 bits of entropy available)
[   31.994423] random: udevadm: uninitialized urandom read (16 bytes read, 4 bits of entropy available)
[   31.994491] random: udevadm: uninitialized urandom read (16 bytes read, 4 bits of entropy available)
[   31.994534] random: udevadm: uninitialized urandom read (16 bytes read, 4 bits of entropy available)
[   31.994565] random: udevadm: uninitialized urandom read (16 bytes read, 4 bits of entropy available)
[   31.994606] random: udevadm: uninitialized urandom read (16 bytes read, 4 bits of entropy available)
[   32.954952] e1000: Intel(R) PRO/1000 Network Driver - version 7.3.21-k8-NAPI
[   33.030153] e1000: Copyright (c) 1999-2006 Intel Corporation.
[   33.105376] Fusion MPT base driver 3.04.20
[   33.128872] Copyright (c) 1999-2008 LSI Corporation
[   33.163782] AVX version of gcm_enc/dec engaged.
[   33.217301] AES CTR mode by8 optimization enabled
[   33.253834] Fusion MPT SPI Host driver 3.04.20
[   33.360147] input: ImExPS/2 Generic Explorer Mouse as /devices/platform/i8042/serio1/input/input4
[   33.490550] e1000 0000:00:03.0 eth0: (PCI:33MHz:32-bit) 02:a1:c7:cf:6b:93
[   33.549433] e1000 0000:00:03.0 eth0: Intel(R) PRO/1000 Network Connection
[   33.642331] e1000 0000:00:03.0 enp0s3: renamed from eth0
[   33.689491] mptbase: ioc0: Initiating bringup
[   33.793091] ioc0: LSI53C1030 A0: Capabilities={Initiator}
[   34.008101] scsi host2: ioc0: LSI53C1030 A0, FwRev=00000000h, Ports=1, MaxQ=256, IRQ=20
[   34.342120] scsi 2:0:0:0: Direct-Access     VBOX     HARDDISK         1.0  PQ: 0 ANSI: 5
[   34.489996] scsi target2:0:0: Beginning Domain Validation
[   34.582910] scsi target2:0:0: Domain Validation skipping write tests
[   34.714148] scsi target2:0:0: Ending Domain Validation
[   34.817480] scsi target2:0:0: asynchronous
[   34.896003] scsi 2:0:1:0: Direct-Access     VBOX     HARDDISK         1.0  PQ: 0 ANSI: 5
[   35.094538] scsi target2:0:1: Beginning Domain Validation
[   35.234730] scsi target2:0:1: Domain Validation skipping write tests
[   35.362553] scsi target2:0:1: Ending Domain Validation
[   35.465715] scsi target2:0:1: asynchronous
[   35.577590] sd 2:0:0:0: Attached scsi generic sg0 type 0
[   35.577615] sd 2:0:0:0: [sda] 20971520 512-byte logical blocks: (10.7 GB/10.0 GiB)
[   35.577767] sd 2:0:0:0: [sda] Write Protect is off
[   35.577828] sd 2:0:0:0: [sda] Incomplete mode parameter data
[   35.577829] sd 2:0:0:0: [sda] Assuming drive cache: write through
[   35.579036]  sda: sda1
[   35.579499] sd 2:0:0:0: [sda] Attached SCSI disk
[   36.201034] floppy0: no floppy controllers found
[   36.306325] sd 2:0:1:0: Attached scsi generic sg1 type 0
[   36.506851] sd 2:0:1:0: [sdb] 20480 512-byte logical blocks: (10.5 MB/10.0 MiB)
[   36.768928] sd 2:0:1:0: [sdb] Write Protect is off
[   36.905966] sd 2:0:1:0: [sdb] Incomplete mode parameter data
[   36.967711] sd 2:0:1:0: [sdb] Assuming drive cache: write through
[   37.029354] sd 2:0:1:0: [sdb] Attached SCSI disk
Begin: Loading e[   38.384986] md: linear personality registered for level -1
ssential drivers[   38.507008] md: multipath personality registered for level -4
 ... [   38.596333] md: raid0 personality registered for level 0
[   38.715312] md: raid1 personality registered for level 1
[   38.865180] raid6: sse2x1   gen()  8763 MB/s
[   38.989102] raid6: sse2x1   xor()  6666 MB/s
[   39.120911] raid6: sse2x2   gen() 10858 MB/s
[   39.264755] raid6: sse2x2   xor()  7324 MB/s
[   39.376738] raid6: sse2x4   gen() 13410 MB/s
[   39.524809] raid6: sse2x4   xor()  9262 MB/s
[   39.630589] raid6: using algorithm sse2x4 gen() 13410 MB/s
[   39.761704] raid6: .... xor() 9262 MB/s, rmw enabled
[   39.825650] raid6: using ssse3x2 recovery algorithm
[   39.859843] xor: automatically using best checksumming function:
[   39.969084]    avx       : 20670.000 MB/sec
[   40.048430] async_tx: api initialized (async)
[   40.152759] md: raid6 personality registered for level 6
[   40.238863] md: raid5 personality registered for level 5
[   40.271310] md: raid4 personality registered for level 4
[   40.289884] md: raid10 personality registered for level 10
done.
Begin: Running /scripts/init-premount ... done.
Begin: M[   40.350380] Btrfs loaded
ounting root file system ... Begin: Running /scripts/local-top ... done.
Begin:[   40.400050] EXT4-fs (sda1): INFO: recovery required on readonly filesystem
 Running /script[   40.479076] EXT4-fs (sda1): write access will be enabled during recovery
s/local-premount ... Scanning for Btrfs filesystems
done.
Warning: fsck not present, so skipping root file system
[   40.696488] EXT4-fs (sda1): recovery complete
[   40.741185] EXT4-fs (sda1): mounted filesystem with ordered data mode. Opts: (null)
done.
Begin: Running /scripts/local-bottom ... done.
Begin: Running /scripts/init-bottom ... done.
[   41.092021] systemd[1]: systemd 229 running in system mode. (+PAM +AUDIT +SELINUX +IMA +APPARMOR +SMACK +SYSVINIT +UTMP +LIBCRYPTSETUP +GCRYPT +GNUTLS +ACL +XZ -LZ4 +SECCOMP +BLKID +ELFUTILS +KMOD -IDN)
[   41.423241] systemd[1]: Detected virtualization oracle.
[   41.463082] systemd[1]: Detected architecture x86-64.

Welcome to [1mUbuntu 16.04.2 LTS[0m!

[   41.517606] systemd[1]: Set hostname to <ubuntu-xenial>.
[   41.637648] systemd[1]: Listening on LVM2 metadata daemon socket.
[[0;32m  OK  [0m] Listening on LVM2 metadata daemon socket.
[   41.869471] systemd[1]: Started Trigger resolvconf update for networkd DNS.
[[0;32m  OK  [0m] Started Trigger resolvconf update for networkd DNS.
[   42.148961] systemd[1]: Listening on Device-mapper event daemon FIFOs.
[[0;32m  OK  [0m] Listening on Device-mapper event daemon FIFOs.
[   42.197026] systemd[1]: Listening on /dev/initctl Compatibility Named Pipe.
[[0;32m  OK  [0m] Listening on /dev/initctl Compatibility Named Pipe.
[   42.229382] systemd[1]: Created slice System Slice.
[[0;32m  OK  [0m] Created slice System Slice.
[   42.267122] systemd[1]: Created slice system-serial\x2dgetty.slice.
[[0;32m  OK  [0m] Created slice system-serial\x2dgetty.slice.
[   42.345313] systemd[1]: Listening on udev Kernel Socket.
[[0;32m  OK  [0m] Listening on udev Kernel Socket.
[   42.429221] systemd[1]: Created slice User and Session Slice.
[[0;32m  OK  [0m] Created slice User and Session Slice.
[   42.581064] systemd[1]: Reached target Slices.
[[0;32m  OK  [0m] Reached target Slices.
[   42.636973] systemd[1]: Listening on Journal Socket (/dev/log).
[[0;32m  OK  [0m] Listening on Journal Socket (/dev/log).
[   42.721023] systemd[1]: Started Forward Password Requests to Wall Directory Watch.
[[0;32m  OK  [0m] Started Forward Password Requests to Wall Directory Watch.
[   42.788971] systemd[1]: Listening on Journal Socket.
[[0;32m  OK  [0m] Listening on Journal Socket.
[   42.861107] systemd[1]: Mounting Huge Pages File System...
[   42.862487] random: nonblocking pool is initialized
         Mounting Huge Pages File System...
[   43.100973] systemd[1]: Mounting POSIX Message Queue File System...
         Mounting POSIX Message Queue File System...
[   43.345398] systemd[1]: Starting Monitoring of LVM2 mirrors, snapshots etc. using dmeventd or progress polling...
         Starting Monitoring of LVM2 mirrors... dmeventd or progress polling...
[   43.697157] systemd[1]: Starting Remount Root and Kernel File Systems...
[   43.699691] EXT4-fs (sda1): re-mounted. Opts: (null)
         Starting Remount Root and Kernel File Systems...
[   43.945197] systemd[1]: Mounting Debug File System...
         Mounting Debug File System...
[   44.120991] systemd[1]: Starting Uncomplicated firewall...
         Starting Uncomplicated firewall...
[   44.317535] systemd[1]: Starting Set console keymap...
         Starting Set console keymap...
[   44.584964] systemd[1]: Starting Create list of required static device nodes for the current kernel...
         Starting Create list of required st... nodes for the current kernel...
[   44.784548] systemd[1]: Reached target Encrypted Volumes.
[[0;32m  OK  [0m] Reached target Encrypted Volumes.
[   44.853564] systemd[1]: Set up automount Arbitrary Executable File Formats File System Automount Point.
[[0;32m  OK  [0m] Set up automount Arbitrary Executab...ats File System Automount Point.
[   45.295583] systemd[1]: Listening on LVM2 poll daemon socket.
[[0;32m  OK  [0m] Listening on LVM2 poll daemon socket.
[   45.473166] systemd[1]: Starting Load Kernel Modules...
[   45.567731] Loading iSCSI transport class v2.0-870.
         Startin[   45.680986] iscsi: registered transport (tcp)
g Load Kernel Modules...
[   45.791728] iscsi: registered transport (iser)
[   45.856440] systemd[1]: Listening on udev Control Socket.
[[0;32m  OK  [0m] Listening on udev Control Socket.
[   45.965003] systemd[1]: Starting Nameserver information manager...
         Starting Nameserver information manager...
[   46.277057] systemd[1]: Listening on Syslog Socket.
[[0;32m  OK  [0m] Listening on Syslog Socket.
[   46.337626] systemd[1]: Reached target User and Group Name Lookups.
[[0;32m  OK  [0m] Reached target User and Group Name Lookups.
[   46.426979] systemd[1]: Listening on Journal Audit Socket.
[[0;32m  OK  [0m] Listening on Journal Audit Socket.
[   46.573205] systemd[1]: Starting Journal Service...
         Starting Journal Service...
[   46.616981] systemd[1]: Reached target Swap.
[[0;32m  OK  [0m] Reached target Swap.
[   46.717691] systemd[1]: Mounted POSIX Message Queue File System.
[[0;32m  OK  [0m] Mounted POSIX Message Queue File System.
[   46.821080] systemd[1]: Mounted Huge Pages File System.
[[0;32m  OK  [0m] Mounted Huge Pages File System.
[   46.921020] systemd[1]: Mounted Debug File System.
[[0;32m  OK  [0m] Mounted Debug File System.
[   46.969082] systemd[1]: Started Journal Service.
[[0;32m  OK  [0m] Started Journal Service.
[[0;32m  OK  [0m] Started Remount Root and Kernel File Systems.
[[0;32m  OK  [0m] Started Uncomplicated firewall.
[[0;32m  OK  [0m] Started Set console keymap.
[[0;32m  OK  [0m] Started Create list of required sta...ce nodes for the current kernel.
[[0;32m  OK  [0m] Started Load Kernel Modules.
[[0;32m  OK  [0m] Started Nameserver information manager.
[[0;32m  OK  [0m] Started LVM2 metadata daemon.
         Mounting FUSE Control File System...
         Starting Apply Kernel Variables...
         Starting Create Static Device Nodes in /dev...
         Starting Initial cloud-init job (pre-networking)...
         Starting udev Coldplug all Devices...
         Starting Load/Save Random Seed...
         Starting Flush Journal to Persistent Storage...
[[0;32m  OK  [0m] Mounted FUSE Control File System.
[[0;32m  OK  [0m] Started Monitoring of LVM2 mirrors,...ng dmeventd or progress polling.
[[0;32m  OK  [0m] Started Apply Kernel Variables.
[[0;32m  OK  [0m] Started Create Static Device Nodes in /dev.
[[0;32m  OK  [0m] Started Load/Save Random Seed.
[[0;32m  OK  [0m] Started udev Coldplug all Devices.
[[0;32m  OK  [0m] Started Flush Journal to Persistent Storage.
         Starting udev Kernel Device Manager...
[[0;32m  OK  [0m] Started udev Kernel Device Manager.
[[0;32m  OK  [0m] Started Dispatch Password Requests to Console Directory Watch.
[[0;32m  OK  [0m] Reached target Local File Systems (Pre).
[[0;32m  OK  [0m] Reached target Local File Systems.
         Starting Set console font and keymap...
         Starting LSB: AppArmor initialization...
         Starting Create Volatile Files and Directories...
[   28.166128]          cloud-init[451]: Starting Tell Plymouth To Write Out Runtime Data...Cloud-init v. 0.7.9 running 'init-local' at Fri, 02 Jun 2017 17:11:48 +0000. Up 27.76 seconds.

[[0;32m  OK  [0m] Started Create Volatile Files and Directories.
[[0;32m  OK  [0m] Started Tell Plymouth To Write Out Runtime Data.
[[0;32m  OK  [0m] Started Initial cloud-init job (pre-networking).
[[0;32m  OK  [0m] Started Set console font and keymap.
[[0;32m  OK  [0m] Found device /dev/ttyS0.
[[0;32m  OK  [0m] Listening on Load/Save RF Kill Switch Status /dev/rfkill Watch.
[[0;32m  OK  [0m] Created slice system-getty.slice.
[[0;32m  OK  [0m] Reached target Network (Pre).
[[0;32m  OK  [0m] Reached target System Time Synchronized.
         Starting Update UTMP about System Boot/Shutdown...
[[0;32m  OK  [0m] Started LSB: AppArmor initialization.
[[0;32m  OK  [0m] Started Update UTMP about System Boot/Shutdown.
[[0;32m  OK  [0m] Started ifup for enp0s3.
         Starting Raise network interfaces...
[[0;32m  OK  [0m] Started Raise network interfaces.
[[0;32m  OK  [0m] Reached target Network.
         Starting Initial cloud-init job (metadata service crawler)...
[   31.406456] cloud-init[961]: Cloud-init v. 0.7.9 running 'init' at Fri, 02 Jun 2017 17:11:52 +0000. Up 31.19 seconds.
[   31.496817] cloud-init[961]: ci-info: +++++++++++++++++++++++++++++++++++++Net device info++++++++++++++++++++++++++++++++++++++
[   31.592717] cloud-init[961]: ci-info: +--------+------+----------------------------+---------------+-------+-------------------+
[[0;32m  OK  [0m] Started Initial cloud-init job (metadata service crawler).
[[   31.683786] cloud-init[961]: ci-info: | Device |  Up  |          Address           |      Mask     | Scope |     Hw-Address    |
[   31.741629] cloud-init[961]: ci-info: +--------+------+----------------------------+---------------+-------+-------------------+
[0;32m  OK  [0m] Reached target System Initialization.
         Starting LXD - unix socket.
[   31.741699] cloud-init[961]: ci-info: |   lo   | True |         127.0.0.1          |   255.0.0.0   |   .   |         .         |
[   32.022128] cloud-init[961]: ci-info: |   lo   | True |          ::1/128           |       .       |  host |         .         |
[   32.022491] cloud-init[961]: ci-info: | enp0s3 | True |         10.0.2.15          | 255.255.255.0 |   .   | 02:a1:c7:cf:6b:93 |
[[0;32m  OK  [0m] Started ACPI Events Check.
[[   32.022687] cloud-init[961]: ci-info: | enp0s3 | True | fe80::a1:c7ff:fecf:6b93/64 |       .       |  link | 02:a1:c7:cf:6b:93 |
[   32.149027] cloud-init[961]: ci-info: +--------+------+----------------------------+---------------+-------+-------------------+
[0;32m  OK  [0m] Reached target Paths.
[[   32.149087] cloud-init[961]: ci-info: +++++++++++++++++++++++++++Route IPv4 info++++++++++++++++++++++++++++
[   32.348862] cloud-init[961]: ci-info: +-------+-------------+----------+---------------+-----------+-------+
[0;32m  OK  [0m] Listening on ACPID Listen Socket.
[   32.349108] cloud-init[961]: ci-info: | Route | Destination | Gateway  |    Genmask    | Interface | Flags |
[   32.598683] cloud-init[961]: ci-info: +-------+-------------+----------+---------------+-----------+-------+
[   32.598933] cloud-init[961]: ci-info: |   0   |   0.0.0.0   | 10.0.2.2 |    0.0.0.0    |   enp0s3  |   UG  |
[[0;32m  OK  [0m] Started Daily apt activities.
[[   32.599072] cloud-init[961]: ci-info: |   1   |   10.0.2.0  | 0.0.0.0  | 255.255.255.0 |   enp0s3  |   U   |
[   32.816769] cloud-init[961]: ci-info: +-------+-------------+----------+---------------+-----------+-------+
[0;32m  OK  [0m] Listening on D-Bus System Message Bus Socket.
[[0;32m  OK  [0m] Listening on UUID daemon activation socket.
         Starting Socket activation for snappy daemon.
[[0;32m  OK  [0m] Started Timer to automatically refresh installed snaps.
[[0;32m  OK  [0m] Started Daily Cleanup of Temporary Directories.
[[0;32m  OK  [0m] Reached target Timers.
[[0;32m  OK  [0m] Reached target Cloud-config availability.
[[0;32m  OK  [0m] Reached target Network is Online.
         Starting iSCSI initiator daemon (iscsid)...
[[0;32m  OK  [0m] Listening on LXD - unix socket.
[[0;32m  OK  [0m] Listening on Socket activation for snappy daemon.
[[0;32m  OK  [0m] Reached target Sockets.
[[0;32m  OK  [0m] Reached target Basic System.
         Starting System Logging Service...
[[0;32m  OK  [0m] Started FUSE filesystem for LXC.
[[0;32m  OK  [0m] Started Deferred execution scheduler.
         Starting Apply the settings specified in cloud-config...
         Starting LSB: Record successful boot for GRUB...
         Starting Login Service...
[[0;32m  OK  [0m] Started D-Bus System Message Bus.
         Starting Accounts Service...
         Starting LSB: MD monitoring daemon...
         Starting OpenBSD Secure Shell server...
[[0;32m  OK  [0m] Started Unattended Upgrades Shutdown.
[[0;32m  OK  [0m] Started Snappy daemon.
         Starting Auto import assertions from block devices...
[[0;32m  OK  [0m] Started Regular background program processing daemon.
[[0;32m  OK  [0m] Started ACPI event daemon.
         Starting /etc/rc.local Compatibility...
         Starting LXD - container startup/shutdown...
[[0;32m  OK  [0m] Started System Logging Service.
[[0;32m  OK  [0m] Started OpenBSD Secure Shell server.
[[0;32m  OK  [0m] Started iSCSI initiator daemon (iscsid).
[[0;32m  OK  [0m] Started Auto import assertions from block devices.
[[0;32m  OK  [0m] Started /etc/rc.local Compatibility.
[   34.169310] cloud-init[1029]: Cloud-init v. 0.7.9 running 'modules:config' at Fri, 02 Jun 2017 17:11:54 +0000. Up 34.04 seconds.
[[0;32m  OK  [0m] Started LSB: Record successful boot for GRUB.
[[0;32m  OK  [0m] Started Apply the settings specified in cloud-config.
[[0;32m  OK  [0m] Started LXD - container startup/shutdown.
[[0;32m  OK  [0m] Started LSB: MD monitoring daemon.
[[0;32m  OK  [0m] Started Login Service.
         Starting Authenticate and Authorize Users to Run Privileged Tasks...
         Starting Login to default iSCSI targets...
[[0;32m  OK  [0m] Started Authenticate and Authorize Users to Run Privileged Tasks.
[[0;32m  OK  [0m] Started Accounts Service.
[[0;32m  OK  [0m] Started Login to default iSCSI targets.
[[0;32m  OK  [0m] Reached target Remote File Systems (Pre).
[[0;32m  OK  [0m] Reached target Remote File Systems.
         Starting LSB: VirtualBox Linux Additions...
         Starting Permit User Sessions...
         Starting LSB: Set the CPU Frequency Scaling governor to "ondemand"...
         Starting LSB: daemon to balance interrupts for SMP systems...
         Starting LSB: automatic crash report generation...
[[0;32m  OK  [0m] Started Permit User Sessions.
[[0;32m  OK  [0m] Started LSB: Set the CPU Frequency Scaling governor to "ondemand".
[[0;32m  OK  [0m] Started LSB: VirtualBox Linux Additions.
         Starting Terminate Plymouth Boot Screen...
         Starting Hold until boot process finishes up...
[[0;32m  OK  [0m] Started LSB: daemon to balance interrupts for SMP systems.
[[0;32m  OK  [0m] Started LSB: automatic crash report generation.
[[0;32m  OK  [0m] Started Terminate Plymouth Boot Screen.
[[0;32m  OK  [0m] Started Hold until boot process finishes up.
[[0;32m  OK  [0m] Started Serial Getty on ttyS0.
[[0;32m  OK  [0m] Started Getty on tty1.
[[0;32m  OK  [0m] Reached target Login Prompts.
         Starting Set console scheme...
[[0;32m  OK  [0m] Reached target Multi-User System.
         Starting Execute cloud user/final scripts...
[[0;32m  OK  [0m] Reached target Graphical Interface.
         Starting Update UTMP about System Runlevel Changes...
[[0;32m  OK  [0m] Started Set console scheme.
[[0;32m  OK  [0m] Started Update UTMP about System Runlevel Changes.
[   35.902073] cloud-init[1192]: Cloud-init v. 0.7.9 running 'modules:final' at Fri, 02 Jun 2017 17:11:56 +0000. Up 35.80 seconds.
[   35.984479] [cloud-init[0;32m  OK  [0m[1192]: ] Cloud-init v. 0.7.9 finished at Fri, 02 Jun 2017 17:11:56 +0000. Datasource DataSourceNoCloud [seed=/dev/sdb][dsmode=net].  Up 35.89 secondsStarted Execute cloud user/final scripts.

[[0;32m  OK  [0m] Reached target Cloud-init target.

Ubuntu 16.04.2 LTS ubuntu-xenial ttyS0

ubuntu-xenial login: 